Component: ARM Compiler 5.06 update 6 (build 750) Tool: armlink [4d35ed]

==============================================================================

Section Cross References

    main.o(i.main) refers to sys.o(i.Stm32_Clock_Init) for Stm32_Clock_Init
    main.o(i.main) refers to sys.o(i.MY_NVIC_PriorityGroupConfig) for MY_NVIC_PriorityGroupConfig
    main.o(i.main) refers to usart.o(i.uart_init) for uart_init
    main.o(i.main) refers to sys.o(i.JTAG_Set) for JTAG_Set
    main.o(i.main) refers to control_system.o(i.Control_System_Init) for Control_System_Init
    main.o(i.main) refers to colorful_led.o(i.colorful_led_Init) for colorful_led_Init
    main.o(i.main) refers to control_system.o(i.Control_Stop) for Control_Stop
    main.o(i.main) refers to colorful_led.o(i.LED_All_Off_Step) for LED_All_Off_Step
    main.o(i.main) refers to noretval__2printf.o(.text) for __2printf
    main.o(i.main) refers to delay.o(i.delay_ms) for delay_ms
    main.o(i.main) refers to control_system.o(i.Control_RunTimedPID) for Control_RunTimedPID
    main.o(i.main) refers to colorful_led.o(i.LED_Colorful_Ring_Step) for LED_Colorful_Ring_Step
    main.o(i.main) refers to colorful_led.o(i.LED_Red_Breathing_Step) for LED_Red_Breathing_Step
    system_stm32f10x.o(i.SetSysClock) refers to system_stm32f10x.o(i.SetSysClockTo72) for SetSysClockTo72
    system_stm32f10x.o(i.SystemCoreClockUpdate) refers to system_stm32f10x.o(.data) for SystemCoreClock
    system_stm32f10x.o(i.SystemInit) refers to system_stm32f10x.o(i.SetSysClock) for SetSysClock
    delay.o(i.delay_init) refers to misc.o(i.SysTick_CLKSourceConfig) for SysTick_CLKSourceConfig
    sys.o(i.MYRCC_DeInit) refers to sys.o(i.MY_NVIC_SetVectorTable) for MY_NVIC_SetVectorTable
    sys.o(i.MY_NVIC_Init) refers to sys.o(i.MY_NVIC_PriorityGroupConfig) for MY_NVIC_PriorityGroupConfig
    sys.o(i.Stm32_Clock_Init) refers to sys.o(i.MYRCC_DeInit) for MYRCC_DeInit
    sys.o(i.Sys_Standby) refers to sys.o(.emb_text) for WFI_SET
    usart.o(i.UART_TryReadByte) refers (Special) to use_no_semi_2.o(.text) for __use_no_semihosting
    usart.o(i.UART_TryReadByte) refers to stm32f10x_usart.o(i.USART_ITConfig) for USART_ITConfig
    usart.o(i.UART_TryReadByte) refers to usart.o(.data) for received_ready
    usart.o(i.USART1_IRQHandler) refers (Special) to use_no_semi_2.o(.text) for __use_no_semihosting
    usart.o(i.USART1_IRQHandler) refers to stm32f10x_usart.o(i.USART_GetITStatus) for USART_GetITStatus
    usart.o(i.USART1_IRQHandler) refers to stm32f10x_usart.o(i.USART_ReceiveData) for USART_ReceiveData
    usart.o(i.USART1_IRQHandler) refers to usart.o(.data) for received_data
    usart.o(i._sys_exit) refers (Special) to use_no_semi_2.o(.text) for __use_no_semihosting
    usart.o(i.fputc) refers (Special) to use_no_semi_2.o(.text) for __use_no_semihosting
    usart.o(i.uart_init) refers (Special) to use_no_semi_2.o(.text) for __use_no_semihosting
    usart.o(i.uart_init) refers to stm32f10x_rcc.o(i.RCC_APB2PeriphClockCmd) for RCC_APB2PeriphClockCmd
    usart.o(i.uart_init) refers to stm32f10x_gpio.o(i.GPIO_Init) for GPIO_Init
    usart.o(i.uart_init) refers to misc.o(i.NVIC_Init) for NVIC_Init
    usart.o(i.uart_init) refers to stm32f10x_usart.o(i.USART_StructInit) for USART_StructInit
    usart.o(i.uart_init) refers to stm32f10x_usart.o(i.USART_Init) for USART_Init
    usart.o(i.uart_init) refers to stm32f10x_usart.o(i.USART_ITConfig) for USART_ITConfig
    usart.o(i.uart_init) refers to stm32f10x_usart.o(i.USART_Cmd) for USART_Cmd
    usart.o(.data) refers (Special) to use_no_semi_2.o(.text) for __use_no_semihosting
    startup_stm32f10x_md.o(STACK) refers (Special) to heapauxi.o(.text) for __use_two_region_memory
    startup_stm32f10x_md.o(HEAP) refers (Special) to heapauxi.o(.text) for __use_two_region_memory
    startup_stm32f10x_md.o(RESET) refers (Special) to heapauxi.o(.text) for __use_two_region_memory
    startup_stm32f10x_md.o(RESET) refers to startup_stm32f10x_md.o(.text) for Reset_Handler
    startup_stm32f10x_md.o(RESET) refers to stm32f10x_it.o(i.NMI_Handler) for NMI_Handler
    startup_stm32f10x_md.o(RESET) refers to stm32f10x_it.o(i.HardFault_Handler) for HardFault_Handler
    startup_stm32f10x_md.o(RESET) refers to stm32f10x_it.o(i.MemManage_Handler) for MemManage_Handler
    startup_stm32f10x_md.o(RESET) refers to stm32f10x_it.o(i.BusFault_Handler) for BusFault_Handler
    startup_stm32f10x_md.o(RESET) refers to stm32f10x_it.o(i.UsageFault_Handler) for UsageFault_Handler
    startup_stm32f10x_md.o(RESET) refers to stm32f10x_it.o(i.SVC_Handler) for SVC_Handler
    startup_stm32f10x_md.o(RESET) refers to stm32f10x_it.o(i.DebugMon_Handler) for DebugMon_Handler
    startup_stm32f10x_md.o(RESET) refers to stm32f10x_it.o(i.PendSV_Handler) for PendSV_Handler
    startup_stm32f10x_md.o(RESET) refers to stm32f10x_it.o(i.SysTick_Handler) for SysTick_Handler
    startup_stm32f10x_md.o(RESET) refers to usart.o(i.USART1_IRQHandler) for USART1_IRQHandler
[...]
    Removing stm32f10x_wwdg.o(i.WWDG_GetFlagStatus), (12 bytes).
    Removing stm32f10x_wwdg.o(i.WWDG_SetCounter), (16 bytes).
    Removing stm32f10x_wwdg.o(i.WWDG_SetPrescaler), (24 bytes).
    Removing stm32f10x_wwdg.o(i.WWDG_SetWindowValue), (40 bytes).
    Removing colorful_led.o(i.Circle_Running_Step), (132 bytes).
    Removing colorful_led.o(i.Colorful_Step), (164 bytes).
    Removing colorful_led.o(i.LED_Blue_CounterClockwise_Gradient_Step), (88 bytes).
    Removing colorful_led.o(i.LED_Blue_CounterClockwise_Step), (56 bytes).
    Removing colorful_led.o(i.LED_Off_Step), (58 bytes).
    Removing colorful_led.o(i.LED_Red_Clockwise_Gradient_Step), (88 bytes).
    Removing colorful_led.o(i.LED_Red_Clockwise_Step), (52 bytes).
    Removing colorful_led.o(i.L_led_mode), (1950 bytes).
    Removing colorful_led.o(i.L_runingled), (414 bytes).
    Removing colorful_led.o(i.Left_Running_Step), (108 bytes).
    Removing colorful_led.o(i.R_led_CLC), (82 bytes).
    Removing colorful_led.o(i.R_led_mode), (82 bytes).
    Removing colorful_led.o(i.R_runingled), (414 bytes).
    Removing colorful_led.o(i.Right_Running_Step), (108 bytes).

466 unused section(s) (total 21358 bytes) removed from the image.

==============================================================================

Image Symbol Table

    Local Symbols

    Symbol Name                              Value     Ov Type        Size  Object(Section)

    ../clib/angel/boardlib.s                 0x00000000   Number         0  boardinit3.o ABSOLUTE
    ../clib/angel/boardlib.s                 0x00000000   Number         0  boardinit2.o ABSOLUTE
    ../clib/angel/boardlib.s                 0x00000000   Number         0  boardinit1.o ABSOLUTE
    ../clib/angel/boardlib.s                 0x00000000   Number         0  boardshut.o ABSOLUTE
    ../clib/angel/handlers.s                 0x00000000   Number         0  __scatter_copy.o ABSOLUTE
    ../clib/angel/handlers.s                 0x00000000   Number         0  __scatter_zi.o ABSOLUTE
    ../clib/angel/kernel.s                   0x00000000   Number         0  __rtentry2.o ABSOLUTE
    ../clib/angel/kernel.s                   0x00000000   Number         0  __rtentry4.o ABSOLUTE
    ../clib/angel/kernel.s                   0x00000000   Number         0  __rtentry.o ABSOLUTE
    ../clib/angel/kernel.s                   0x00000000   Number         0  rtexit2.o ABSOLUTE
    ../clib/angel/kernel.s                   0x00000000   Number         0  rtexit.o ABSOLUTE
    ../clib/angel/rt.s                       0x00000000   Number         0  rt_raise.o ABSOLUTE
    ../clib/angel/scatter.s                  0x00000000   Number         0  __scatter.o ABSOLUTE
    ../clib/angel/startup.s                  0x00000000   Number         0  __main.o ABSOLUTE
    ../clib/angel/sys.s                      0x00000000   Number         0  use_no_semi_2.o ABSOLUTE
    ../clib/angel/sys.s                      0x00000000   Number         0  indicate_semi.o ABSOLUTE
    ../clib/angel/sys.s                      0x00000000   Number         0  use_no_semi.o ABSOLUTE
    ../clib/angel/sys.s                      0x00000000   Number         0  sys_stackheap_outer.o ABSOLUTE
    ../clib/angel/sys.s                      0x00000000   Number         0  libspace.o ABSOLUTE
    ../clib/angel/sysapp.c                   0x00000000   Number         0  sys_wrch.o ABSOLUTE
    ../clib/angel/sysapp.c                   0x00000000   Number         0  sys_command.o ABSOLUTE
    ../clib/armsys.c                         0x00000000   Number         0  argv_veneer.o ABSOLUTE
    ../clib/armsys.c                         0x00000000   Number         0  argv_veneer.o ABSOLUTE
    ../clib/armsys.c                         0x00000000   Number         0  _get_argv_nomalloc.o ABSOLUTE
    ../clib/armsys.c                         0x00000000   Number         0  no_argv.o ABSOLUTE
    ../clib/heapalloc.c                      0x00000000   Number         0  hrguard.o ABSOLUTE
    ../clib/heapaux.c                        0x00000000   Number         0  heapauxi.o ABSOLUTE
    ../clib/libinit.s                        0x00000000   Number         0  libinit.o ABSOLUTE
    ../clib/libinit.s                        0x00000000   Number         0  libshutdown2.o ABSOLUTE
    ../clib/libinit.s                        0x00000000   Number         0  libinit2.o ABSOLUTE
    ../clib/libinit.s                        0x00000000   Number         0  libshutdown.o ABSOLUTE
    ../clib/printf.c                         0x00000000   Number         0  __printf.o ABSOLUTE
    ../clib/printf.c                         0x00000000   Number         0  __printf_wp.o ABSOLUTE
    ../clib/printf.c                         0x00000000   Number         0  noretval__2printf.o ABSOLUTE
    ../clib/printf.c                         0x00000000   Number         0  __2printf.o ABSOLUTE
    ../clib/printf.c                         0x00000000   Number         0  __printf_flags_wp.o ABSOLUTE
    ../clib/printf.c                         0x00000000   Number         0  _printf_char_common.o ABSOLUTE
    ../clib/printf.c                         0x00000000   Number         0  __printf_ss_wp.o ABSOLUTE
    ../clib/printf.c                         0x00000000   Number         0  __printf_flags_ss_wp.o ABSOLUTE
    ../clib/printf.c                         0x00000000   Number         0  __printf_nopercent.o ABSOLUTE
    ../clib/printf.c                         0x00000000   Number         0  __printf_flags_ss.o ABSOLUTE
    ../clib/printf.c                         0x00000000   Number         0  __printf_ss.o ABSOLUTE
    ../clib/printf.c                         0x00000000   Number         0  __printf_flags.o ABSOLUTE
    ../clib/printf.c                         0x00000000   Number         0  _printf_dec.o ABSOLUTE
    ../clib/printf.c                         0x00000000   Number         0  _printf_intcommon.o ABSOLUTE
    ../clib/printf.c                         0x00000000   Number         0  _printf_char.o ABSOLUTE
    ../clib/printf.c                         0x00000000   Number         0  _printf_char_file.o ABSOLUTE
    ../clib/printf.c                         0x00000000   Number         0  _printf_str.o ABSOLUTE
    ../clib/printf_percent.s                 0x00000000   Number         0  _printf_c.o ABSOLUTE
    ../clib/printf_percent.s                 0x00000000   Number         0  _printf_d.o ABSOLUTE
    ../clib/printf_percent.s                 0x00000000   Number         0  _printf_percent.o ABSOLUTE
    ../clib/printf_percent.s                 0x00000000   Number         0  _printf_percent_end.o ABSOLUTE
    ../clib/signal.c                         0x00000000   Number         0  defsig_exit.o ABSOLUTE
    ../clib/signal.c                         0x00000000   Number         0  defsig_other.o ABSOLUTE
    ../clib/signal.c                         0x00000000   Number         0  defsig_general.o ABSOLUTE
    ../clib/signal.c                         0x00000000   Number         0  __raise.o ABSOLUTE
    ../clib/signal.c                         0x00000000   Number         0  defsig_rtmem_inner.o ABSOLUTE
    ../clib/signal.c                         0x00000000   Number         0  defsig_rtmem_formal.o ABSOLUTE
    ../clib/signal.c                         0x00000000   Number         0  defsig_rtmem_outer.o ABSOLUTE
    ../clib/signal.c                         0x00000000   Number         0  defsig_abrt_inner.o ABSOLUTE
    ../clib/signal.c                         0x00000000   Number         0  defsig_fpe_inner.o ABSOLUTE
    ../clib/signal.c                         0x00000000   Number         0  defsig_pvfn_inner.o ABSOLUTE
    ../clib/signal.c                         0x00000000   Number         0  defsig_rtred_inner.o ABSOLUTE
    ../clib/signal.c                         0x00000000   Number         0  defsig_stak_inner.o ABSOLUTE
    ../clib/signal.c                         0x00000000   Number         0  defsig_cppl_inner.o ABSOLUTE
    ../clib/signal.c                         0x00000000   Number         0  defsig_segv_inner.o ABSOLUTE
    ../clib/signal.s                         0x00000000   Number         0  defsig.o ABSOLUTE
    ../clib/stdio.c                          0x00000000   Number         0  ferror.o ABSOLUTE
    ../clib/stdio.c                          0x00000000   Number         0  ferror_locked.o ABSOLUTE
    ../clib/stdlib.c                         0x00000000   Number         0  exit.o ABSOLUTE
    ../fplib/faddsub.s                       0x00000000   Number         0  faddsub_clz.o ABSOLUTE
    ../fplib/fcmpi.s                         0x00000000   Number         0  fcmpi.o ABSOLUTE
    ../fplib/ffix.s                          0x00000000   Number         0  ffix.o ABSOLUTE
    ../fplib/fflt.s                          0x00000000   Number         0  fflt_clz.o ABSOLUTE
    ../fplib/fleqf.s                         0x00000000   Number         0  fleqf.o ABSOLUTE
    ../fplib/fmul.s                          0x00000000   Number         0  fmul.o ABSOLUTE
    ../fplib/fnaninf.s                       0x00000000   Number         0  fnaninf.o ABSOLUTE
    ../fplib/fpinit.s                        0x00000000   Number         0  fpinit.o ABSOLUTE
    ../fplib/fretinf.s                       0x00000000   Number         0  fretinf.o ABSOLUTE
    ../fplib/frleqf.s                        0x00000000   Number         0  frleqf.o ABSOLUTE
    ../fplib/usenofp.s                       0x00000000   Number         0  usenofp.o ABSOLUTE
    ..\CORE\core_cm3.c                       0x00000000   Number         0  core_cm3.o ABSOLUTE
    ..\CORE\startup_stm32f10x_md.s           0x00000000   Number         0  startup_stm32f10x_md.o ABSOLUTE
    ..\QST_HARDWARE\SYSTEM_CONTROL\control_system.c 0x00000000   Number         0  control_system.o ABSOLUTE
    ..\QST_HARDWARE\colorful_led\colorful_led.c 0x00000000   Number         0  colorful_led.o ABSOLUTE
    ..\QST_HARDWARE\encoder\encoder.c        0x00000000   Number         0  encoder.o ABSOLUTE
    ..\STM32F10x_FWLib\src\misc.c            0x00000000   Number         0  misc.o ABSOLUTE
    ..\STM32F10x_FWLib\src\stm32f10x_adc.c   0x00000000   Number         0  stm32f10x_adc.o ABSOLUTE
    ..\STM32F10x_FWLib\src\stm32f10x_bkp.c   0x00000000   Number         0  stm32f10x_bkp.o ABSOLUTE
    ..\STM32F10x_FWLib\src\stm32f10x_can.c   0x00000000   Number         0  stm32f10x_can.o ABSOLUTE
    ..\STM32F10x_FWLib\src\stm32f10x_cec.c   0x00000000   Number         0  stm32f10x_cec.o ABSOLUTE
    ..\STM32F10x_FWLib\src\stm32f10x_crc.c   0x00000000   Number         0  stm32f10x_crc.o ABSOLUTE
    ..\STM32F10x_FWLib\src\stm32f10x_dac.c   0x00000000   Number         0  stm32f10x_dac.o ABSOLUTE
    ..\STM32F10x_FWLib\src\stm32f10x_dbgmcu.c 0x00000000   Number         0  stm32f10x_dbgmcu.o ABSOLUTE
    ..\STM32F10x_FWLib\src\stm32f10x_dma.c   0x00000000   Number         0  stm32f10x_dma.o ABSOLUTE
    ..\STM32F10x_FWLib\src\stm32f10x_exti.c  0x00000000   Number         0  stm32f10x_exti.o ABSOLUTE
    ..\STM32F10x_FWLib\src\stm32f10x_flash.c 0x00000000   Number         0  stm32f10x_flash.o ABSOLUTE
    ..\STM32F10x_FWLib\src\stm32f10x_fsmc.c  0x00000000   Number         0  stm32f10x_fsmc.o ABSOLUTE
    ..\STM32F10x_FWLib\src\stm32f10x_gpio.c  0x00000000   Number         0  stm32f10x_gpio.o ABSOLUTE
    ..\STM32F10x_FWLib\src\stm32f10x_i2c.c   0x00000000   Number         0  stm32f10x_i2c.o ABSOLUTE
    ..\STM32F10x_FWLib\src\stm32f10x_iwdg.c  0x00000000   Number         0  stm32f10x_iwdg.o ABSOLUTE
    ..\STM32F10x_FWLib\src\stm32f10x_pwr.c   0x00000000   Number         0  stm32f10x_pwr.o ABSOLUTE
    ..\STM32F10x_FWLib\src\stm32f10x_rcc.c   0x00000000   Number         0  stm32f10x_rcc.o ABSOLUTE
    ..\STM32F10x_FWLib\src\stm32f10x_rtc.c   0x00000000   Number         0  stm32f10x_rtc.o ABSOLUTE
    ..\STM32F10x_FWLib\src\stm32f10x_sdio.c  0x00000000   Number         0  stm32f10x_sdio.o ABSOLUTE
    ..\STM32F10x_FWLib\src\stm32f10x_spi.c   0x00000000   Number         0  stm32f10x_spi.o ABSOLUTE
    ..\STM32F10x_FWLib\src\stm32f10x_tim.c   0x00000000   Number         0  stm32f10x_tim.o ABSOLUTE
    ..\STM32F10x_FWLib\src\stm32f10x_usart.c 0x00000000   Number         0  stm32f10x_usart.o ABSOLUTE
    ..\STM32F10x_FWLib\src\stm32f10x_wwdg.c  0x00000000   Number         0  stm32f10x_wwdg.o ABSOLUTE
    ..\SYSTEM\delay\delay.c                  0x00000000   Number         0  delay.o ABSOLUTE
    ..\SYSTEM\sys\sys.c                      0x00000000   Number         0  sys.o ABSOLUTE
    ..\SYSTEM\usart\usart.c                  0x00000000   Number         0  usart.o ABSOLUTE
    ..\\CORE\\core_cm3.c                     0x00000000   Number         0  core_cm3.o ABSOLUTE
    ..\\SYSTEM\\sys\\sys.c                   0x00000000   Number         0  sys.o ABSOLUTE
    dc.s                                     0x00000000   Number         0  dc.o ABSOLUTE
    main.c                                   0x00000000   Number         0  main.o ABSOLUTE
    stm32f10x_it.c                           0x00000000   Number         0  stm32f10x_it.o ABSOLUTE
    system_stm32f10x.c                       0x00000000   Number         0  system_stm32f10x.o ABSOLUTE
    RESET                                    0x08000000   Section      304  startup_stm32f10x_md.o(RESET)
    !!!main                                  0x08000130   Section        8  __main.o(!!!main)
    !!!scatter                               0x08000138   Section       52  __scatter.o(!!!scatter)
    !!handler_copy                           0x0800016c   Section       26  __scatter_copy.o(!!handler_copy)
    !!handler_zi                             0x08000188   Section       28  __scatter_zi.o(!!handler_zi)
    .ARM.Collect$$_printf_percent$$00000000  0x080001a4   Section        0  _printf_percent.o(.ARM.Collect$$_printf_percent$$00000000)
    .ARM.Collect$$_printf_percent$$00000009  0x080001a4   Section        6  _printf_d.o(.ARM.Collect$$_printf_percent$$00000009)
    .ARM.Collect$$_printf_percent$$00000013  0x080001aa   Section        6  _printf_c.o(.ARM.Collect$$_printf_percent$$00000013)
    .ARM.Collect$$_printf_percent$$00000017  0x080001b0   Section        4  _printf_percent_end.o(.ARM.Collect$$_printf_percent$$00000017)
    .ARM.Collect$$libinit$$00000000          0x080001b4   Section        2  libinit.o(.ARM.Collect$$libinit$$00000000)
    .ARM.Collect$$libinit$$00000002          0x080001b6   Section        0  libinit2.o(.ARM.Collect$$libinit$$00000002)
    .ARM.Collect$$libinit$$00000004          0x080001b6   Section        0  libinit2.o(.ARM.Collect$$libinit$$00000004)
    .ARM.Collect$$libinit$$0000000A          0x080001b6   Section        0  libinit2.o(.ARM.Collect$$libinit$$0000000A)
    .ARM.Collect$$libinit$$0000000C          0x080001b6   Section        0  libinit2.o(.ARM.Collect$$libinit$$0000000C)
    .ARM.Collect$$libinit$$0000000E          0x080001b6   Section        0  libinit2.o(.ARM.Collect$$libinit$$0000000E)
    .ARM.Collect$$libinit$$00000011          0x080001b6   Section        0  libinit2.o(.ARM.Collect$$libinit$$00000011)
    .ARM.Collect$$libinit$$00000013          0x080001b6   Section        0  libinit2.o(.ARM.Collect$$libinit$$00000013)
    .ARM.Collect$$libinit$$00000015          0x080001b6   Section        0  libinit2.o(.ARM.Collect$$libinit$$00000015)
    .ARM.Collect$$libinit$$00000017          0x080001b6   Section        0  libinit2.o(.ARM.Collect$$libinit$$00000017)
    .ARM.Collect$$libinit$$00000019          0x080001b6   Section        0  libinit2.o(.ARM.Collect$$libinit$$00000019)
    .ARM.Collect$$libinit$$0000001B          0x080001b6   Section        0  libinit2.o(.ARM.Collect$$libinit$$0000001B)
    .ARM.Collect$$libinit$$0000001D          0x080001b6   Section        0  libinit2.o(.ARM.Collect$$libinit$$0000001D)
    .ARM.Collect$$libinit$$0000001F          0x080001b6   Section        0  libinit2.o(.ARM.Collect$$libinit$$0000001F)
    .ARM.Collect$$libinit$$00000021          0x080001b6   Section        0  libinit2.o(.ARM.Collect$$libinit$$00000021)
    .ARM.Collect$$libinit$$00000023          0x080001b6   Section        0  libinit2.o(.ARM.Collect$$libinit$$00000023)
    .ARM.Collect$$libinit$$00000025          0x080001b6   Section        0  libinit2.o(.ARM.Collect$$libinit$$00000025)
    .ARM.Collect$$libinit$$0000002C          0x080001b6   Section        0  libinit2.o(.ARM.Collect$$libinit$$0000002C)
    .ARM.Collect$$libinit$$0000002E          0x080001b6   Section        0  libinit2.o(.ARM.Collect$$libinit$$0000002E)
    .ARM.Collect$$libinit$$00000030          0x080001b6   Section        0  libinit2.o(.ARM.Collect$$libinit$$00000030)
    .ARM.Collect$$libinit$$00000032          0x080001b6   Section        0  libinit2.o(.ARM.Collect$$libinit$$00000032)
    .ARM.Collect$$libinit$$00000033          0x080001b6   Section        2  libinit2.o(.ARM.Collect$$libinit$$00000033)
    .ARM.Collect$$libshutdown$$00000000      0x080001b8   Section        2  libshutdown.o(.ARM.Collect$$libshutdown$$00000000)
    .ARM.Collect$$libshutdown$$00000002      0x080001ba   Section        0  libshutdown2.o(.ARM.Collect$$libshutdown$$00000002)
    .ARM.Collect$$libshutdown$$00000004      0x080001ba   Section        0  libshutdown2.o(.ARM.Collect$$libshutdown$$00000004)
    .ARM.Collect$$libshutdown$$00000007      0x080001ba   Section        0  libshutdown2.o(.ARM.Collect$$libshutdown$$00000007)
    .ARM.Collect$$libshutdown$$0000000A      0x080001ba   Section        0  libshutdown2.o(.ARM.Collect$$libshutdown$$0000000A)
    .ARM.Collect$$libshutdown$$0000000C      0x080001ba   Section        0  libshutdown2.o(.ARM.Collect$$libshutdown$$0000000C)
    .ARM.Collect$$libshutdown$$0000000F      0x080001ba   Section        0  libshutdown2.o(.ARM.Collect$$libshutdown$$0000000F)
    .ARM.Collect$$libshutdown$$00000010      0x080001ba   Section        2  libshutdown2.o(.ARM.Collect$$libshutdown$$00000010)
    .ARM.Collect$$rtentry$$00000000          0x080001bc   Section        0  __rtentry.o(.ARM.Collect$$rtentry$$00000000)
    .ARM.Collect$$rtentry$$00000002          0x080001bc   Section        0  __rtentry2.o(.ARM.Collect$$rtentry$$00000002)
    .ARM.Collect$$rtentry$$00000004          0x080001bc   Section        6  __rtentry4.o(.ARM.Collect$$rtentry$$00000004)
    .ARM.Collect$$rtentry$$00000009          0x080001c2   Section        0  __rtentry2.o(.ARM.Collect$$rtentry$$00000009)
    .ARM.Collect$$rtentry$$0000000A          0x080001c2   Section        4  __rtentry2.o(.ARM.Collect$$rtentry$$0000000A)
    .ARM.Collect$$rtentry$$0000000C          0x080001c6   Section        0  __rtentry2.o(.ARM.Collect$$rtentry$$0000000C)
    .ARM.Collect$$rtentry$$0000000D          0x080001c6   Section        8  __rtentry2.o(.ARM.Collect$$rtentry$$0000000D)
    .ARM.Collect$$rtexit$$00000000           0x080001ce   Section        2  rtexit.o(.ARM.Collect$$rtexit$$00000000)
    .ARM.Collect$$rtexit$$00000002           0x080001d0   Section        0  rtexit2.o(.ARM.Collect$$rtexit$$00000002)
    .ARM.Collect$$rtexit$$00000003           0x080001d0   Section        4  rtexit2.o(.ARM.Collect$$rtexit$$00000003)
    .ARM.Collect$$rtexit$$00000004           0x080001d4   Section        6  rtexit2.o(.ARM.Collect$$rtexit$$00000004)
    .text                                    0x080001dc   Section       72  startup_stm32f10x_md.o(.text)
    .text                                    0x08000224   Section        2  use_no_semi_2.o(.text)
    .text                                    0x08000228   Section        0  noretval__2printf.o(.text)
    .text                                    0x08000240   Section        0  __printf.o(.text)
    .text                                    0x080002a8   Section        0  _printf_str.o(.text)
    .text                                    0x080002fc   Section        0  _printf_dec.o(.text)
    .text                                    0x08000374   Section        0  heapauxi.o(.text)
    .text                                    0x0800037a   Section        2  use_no_semi.o(.text)
    .text                                    0x0800037c   Section        0  _printf_intcommon.o(.text)
    .text                                    0x0800042e   Section        0  _printf_char.o(.text)
    .text                                    0x0800045c   Section        0  _printf_char_file.o(.text)
    .text                                    0x08000480   Section        0  _printf_char_common.o(.text)
    _printf_input_char                       0x08000481   Thumb Code    10  _printf_char_common.o(.text)
    .text                                    0x080004b0   Section        0  ferror.o(.text)
    .text                                    0x080004b8   Section       74  sys_stackheap_outer.o(.text)
    .text                                    0x08000502   Section        0  exit.o(.text)
    .text                                    0x08000514   Section        8  libspace.o(.text)
    i.BusFault_Handler                       0x0800051c   Section        0  stm32f10x_it.o(i.BusFault_Handler)
    i.CalculateSyncCorrection                0x08000520   Section        0  control_system.o(i.CalculateSyncCorrection)
    CalculateSyncCorrection                  0x08000521   Thumb Code   124  control_system.o(i.CalculateSyncCorrection)
    i.ClampPwm                               0x080005ac   Section        0  control_system.o(i.ClampPwm)
    ClampPwm                                 0x080005ad   Thumb Code    18  control_system.o(i.ClampPwm)
    i.ClampS16                               0x080005be   Section        0  control_system.o(i.ClampS16)
    ClampS16                                 0x080005bf   Thumb Code    22  control_system.o(i.ClampS16)
    i.Control_RunTimedPID                    0x080005d4   Section        0  control_system.o(i.Control_RunTimedPID)
    i.Control_SetWheels                      0x080005f0   Section        0  control_system.o(i.Control_SetWheels)
    i.Control_Stop                           0x08000604   Section        0  control_system.o(i.Control_Stop)
    i.Control_System_Init                    0x08000610   Section        0  control_system.o(i.Control_System_Init)
    i.DebugMon_Handler                       0x080006e8   Section        0  stm32f10x_it.o(i.DebugMon_Handler)
    i.EncoderCountsToRpm                     0x080006ec   Section        0  control_system.o(i.EncoderCountsToRpm)
    EncoderCountsToRpm                       0x080006ed   Thumb Code    18  control_system.o(i.EncoderCountsToRpm)
    i.Encoder_ConfigInputFilter              0x08000704   Section        0  encoder.o(i.Encoder_ConfigInputFilter)
    Encoder_ConfigInputFilter                0x08000705   Thumb Code    64  encoder.o(i.Encoder_ConfigInputFilter)
    i.Encoder_Init_TIM2                      0x08000744   Section        0  encoder.o(i.Encoder_Init_TIM2)
    i.Encoder_Init_TIM3                      0x080007c8   Section        0  encoder.o(i.Encoder_Init_TIM3)
    i.Encoder_Reset                          0x08000848   Section        0  encoder.o(i.Encoder_Reset)
    i.GPIO_Init                              0x08000864   Section        0  stm32f10x_gpio.o(i.GPIO_Init)
    i.HardFault_Handler                      0x0800097a   Section        0  stm32f10x_it.o(i.HardFault_Handler)
    i.JTAG_Set                               0x08000980   Section        0  sys.o(i.JTAG_Set)
    i.LED_All_Off_Step                       0x080009b0   Section        0  colorful_led.o(i.LED_All_Off_Step)
    i.LED_Clear_Frame                        0x080009bc   Section        0  colorful_led.o(i.LED_Clear_Frame)
    LED_Clear_Frame                          0x080009bd   Thumb Code    40  colorful_led.o(i.LED_Clear_Frame)
    i.LED_Colorful_Ring_Step                 0x080009e4   Section        0  colorful_led.o(i.LED_Colorful_Ring_Step)
    i.LED_Red_Breathing_Step                 0x08000a48   Section        0  colorful_led.o(i.LED_Red_Breathing_Step)
    i.LED_Set_Ring_Pixel                     0x08000ab0   Section        0  colorful_led.o(i.LED_Set_Ring_Pixel)
    LED_Set_Ring_Pixel                       0x08000ab1   Thumb Code    60  colorful_led.o(i.LED_Set_Ring_Pixel)
    i.LED_Show_Frame                         0x08000aec   Section        0  colorful_led.o(i.LED_Show_Frame)
    LED_Show_Frame                           0x08000aed   Thumb Code    16  colorful_led.o(i.LED_Show_Frame)
    i.L_send_0                               0x08000afc   Section        0  colorful_led.o(i.L_send_0)
    i.L_send_1                               0x08000bac   Section        0  colorful_led.o(i.L_send_1)
    i.L_ws2812_refresh                       0x08000c5c   Section        0  colorful_led.o(i.L_ws2812_refresh)
    i.L_ws2812_reset                         0x08000d1c   Section        0  colorful_led.o(i.L_ws2812_reset)
    i.L_ws2812_rgb                           0x08000d30   Section        0  colorful_led.o(i.L_ws2812_rgb)
    i.MYRCC_DeInit                           0x08000d58   Section        0  sys.o(i.MYRCC_DeInit)
    i.MY_NVIC_PriorityGroupConfig            0x08000dc0   Section        0  sys.o(i.MY_NVIC_PriorityGroupConfig)
    i.MY_NVIC_SetVectorTable                 0x08000de8   Section        0  sys.o(i.MY_NVIC_SetVectorTable)
    i.MemManage_Handler                      0x08000dfc   Section        0  stm32f10x_it.o(i.MemManage_Handler)
    i.NMI_Handler                            0x08000e00   Section        0  stm32f10x_it.o(i.NMI_Handler)
    i.NVIC_Init                              0x08000e04   Section        0  misc.o(i.NVIC_Init)
    i.NormalizeLeftEncoder                   0x08000e74   Section        0  control_system.o(i.NormalizeLeftEncoder)
    NormalizeLeftEncoder                     0x08000e75   Thumb Code     6  control_system.o(i.NormalizeLeftEncoder)
    i.NormalizeRightEncoder                  0x08000e7a   Section        0  control_system.o(i.NormalizeRightEncoder)
    NormalizeRightEncoder                    0x08000e7b   Thumb Code     6  control_system.o(i.NormalizeRightEncoder)
    i.PendSV_Handler                         0x08000e80   Section        0  stm32f10x_it.o(i.PendSV_Handler)
    i.RCC_APB1PeriphClockCmd                 0x08000e84   Section        0  stm32f10x_rcc.o(i.RCC_APB1PeriphClockCmd)
    i.RCC_APB2PeriphClockCmd                 0x08000ea4   Section        0  stm32f10x_rcc.o(i.RCC_APB2PeriphClockCmd)
    i.RCC_GetClocksFreq                      0x08000ec4   Section        0  stm32f10x_rcc.o(i.RCC_GetClocksFreq)
    i.R_send_0                               0x08000f98   Section        0  colorful_led.o(i.R_send_0)
    i.R_send_1                               0x08001048   Section        0  colorful_led.o(i.R_send_1)
    i.R_ws2812_refresh                       0x080010f8   Section        0  colorful_led.o(i.R_ws2812_refresh)
    i.R_ws2812_reset                         0x080011b8   Section        0  colorful_led.o(i.R_ws2812_reset)
    i.R_ws2812_rgb                           0x080011cc   Section        0  colorful_led.o(i.R_ws2812_rgb)
    i.ReadControlFeedback                    0x080011f4   Section        0  control_system.o(i.ReadControlFeedback)
    ReadControlFeedback                      0x080011f5   Thumb Code    90  control_system.o(i.ReadControlFeedback)
    i.Read_Encoder                           0x08001250   Section        0  encoder.o(i.Read_Encoder)
    i.ReportWheelSpeed                       0x0800128c   Section        0  control_system.o(i.ReportWheelSpeed)
    ReportWheelSpeed                         0x0800128d   Thumb Code    90  control_system.o(i.ReportWheelSpeed)
    i.RunPIDAction                           0x08001324   Section        0  control_system.o(i.RunPIDAction)
    RunPIDAction                             0x08001325   Thumb Code   284  control_system.o(i.RunPIDAction)
    i.SVC_Handler                            0x08001440   Section        0  stm32f10x_it.o(i.SVC_Handler)
    i.SelectBaseTarget                       0x08001442   Section        0  control_system.o(i.SelectBaseTarget)
    SelectBaseTarget                         0x08001443   Thumb Code    28  control_system.o(i.SelectBaseTarget)
    i.SetLeftMotor                           0x08001460   Section        0  control_system.o(i.SetLeftMotor)
    SetLeftMotor                             0x08001461   Thumb Code    64  control_system.o(i.SetLeftMotor)
    i.SetRightMotor                          0x080014a8   Section        0  control_system.o(i.SetRightMotor)
    SetRightMotor                            0x080014a9   Thumb Code    64  control_system.o(i.SetRightMotor)
    i.SpeedPI_Reset                          0x080014f0   Section        0  control_system.o(i.SpeedPI_Reset)
    SpeedPI_Reset                            0x080014f1   Thumb Code    26  control_system.o(i.SpeedPI_Reset)
    i.SpeedPI_Update                         0x0800150c   Section        0  control_system.o(i.SpeedPI_Update)
    SpeedPI_Update                           0x0800150d   Thumb Code   156  control_system.o(i.SpeedPI_Update)
    i.Stm32_Clock_Init                       0x080015b8   Section        0  sys.o(i.Stm32_Clock_Init)
    i.SysTick_Handler                        0x08001648   Section        0  stm32f10x_it.o(i.SysTick_Handler)
    i.TI1_Config                             0x0800164c   Section        0  stm32f10x_tim.o(i.TI1_Config)
    TI1_Config                               0x0800164d   Thumb Code   108  stm32f10x_tim.o(i.TI1_Config)
    i.TI2_Config                             0x080016cc   Section        0  stm32f10x_tim.o(i.TI2_Config)
    TI2_Config                               0x080016cd   Thumb Code   130  stm32f10x_tim.o(i.TI2_Config)
    i.TI3_Config                             0x08001764   Section        0  stm32f10x_tim.o(i.TI3_Config)
    TI3_Config                               0x08001765   Thumb Code   122  stm32f10x_tim.o(i.TI3_Config)
    i.TI4_Config                             0x080017f4   Section        0  stm32f10x_tim.o(i.TI4_Config)
    TI4_Config                               0x080017f5   Thumb Code   130  stm32f10x_tim.o(i.TI4_Config)
    i.TIM_ARRPreloadConfig                   0x0800188c   Section        0  stm32f10x_tim.o(i.TIM_ARRPreloadConfig)
    i.TIM_Cmd                                0x080018a4   Section        0  stm32f10x_tim.o(i.TIM_Cmd)
    i.TIM_EncoderInterfaceConfig             0x080018bc   Section        0  stm32f10x_tim.o(i.TIM_EncoderInterfaceConfig)
    i.TIM_GetCounter                         0x080018fe   Section        0  stm32f10x_tim.o(i.TIM_GetCounter)
    i.TIM_ICInit                             0x08001904   Section        0  stm32f10x_tim.o(i.TIM_ICInit)
    i.TIM_ICStructInit                       0x080019b0   Section        0  stm32f10x_tim.o(i.TIM_ICStructInit)
    i.TIM_OC1Init                            0x080019c4   Section        0  stm32f10x_tim.o(i.TIM_OC1Init)
    i.TIM_OC1PreloadConfig                   0x08001a5c   Section        0  stm32f10x_tim.o(i.TIM_OC1PreloadConfig)
    i.TIM_OC2Init                            0x08001a70   Section        0  stm32f10x_tim.o(i.TIM_OC2Init)
    i.TIM_OC2PreloadConfig                   0x08001b14   Section        0  stm32f10x_tim.o(i.TIM_OC2PreloadConfig)
    i.TIM_OCStructInit                       0x08001b2e   Section        0  stm32f10x_tim.o(i.TIM_OCStructInit)
    i.TIM_SetCounter                         0x08001b42   Section        0  stm32f10x_tim.o(i.TIM_SetCounter)
    i.TIM_SetIC1Prescaler                    0x08001b46   Section        0  stm32f10x_tim.o(i.TIM_SetIC1Prescaler)
    i.TIM_SetIC2Prescaler                    0x08001b58   Section        0  stm32f10x_tim.o(i.TIM_SetIC2Prescaler)
    i.TIM_SetIC3Prescaler                    0x08001b72   Section        0  stm32f10x_tim.o(i.TIM_SetIC3Prescaler)
    i.TIM_SetIC4Prescaler                    0x08001b84   Section        0  stm32f10x_tim.o(i.TIM_SetIC4Prescaler)
    i.TIM_TimeBaseInit                       0x08001ba0   Section        0  stm32f10x_tim.o(i.TIM_TimeBaseInit)
    i.TIM_TimeBaseStructInit                 0x08001c44   Section        0  stm32f10x_tim.o(i.TIM_TimeBaseStructInit)
    i.USART1_IRQHandler                      0x08001c58   Section        0  usart.o(i.USART1_IRQHandler)
    i.USART_Cmd                              0x08001c94   Section        0  stm32f10x_usart.o(i.USART_Cmd)
    i.USART_GetITStatus                      0x08001cac   Section        0  stm32f10x_usart.o(i.USART_GetITStatus)
    i.USART_ITConfig                         0x08001d00   Section        0  stm32f10x_usart.o(i.USART_ITConfig)
    i.USART_Init                             0x08001d4c   Section        0  stm32f10x_usart.o(i.USART_Init)
    i.USART_ReceiveData                      0x08001e24   Section        0  stm32f10x_usart.o(i.USART_ReceiveData)
    i.USART_StructInit                       0x08001e2e   Section        0  stm32f10x_usart.o(i.USART_StructInit)
    i.UsageFault_Handler                     0x08001e46   Section        0  stm32f10x_it.o(i.UsageFault_Handler)
    i._sys_exit                              0x08001e4a   Section        0  usart.o(i._sys_exit)
    i.colorful_led_Init                      0x08001e4c   Section        0  colorful_led.o(i.colorful_led_Init)
    i.delay_ms                               0x08001e78   Section        0  delay.o(i.delay_ms)
    i.delay_us                               0x08001e96   Section        0  delay.o(i.delay_us)
    i.fputc                                  0x08001eb4   Section        0  usart.o(i.fputc)
    i.main                                   0x08001ed0   Section        0  main.o(i.main)
    i.uart_init                              0x08001f98   Section        0  usart.o(i.uart_init)
    x$fpl$fadd                               0x08002040   Section      196  faddsub_clz.o(x$fpl$fadd)
    _fadd1                                   0x0800204f   Thumb Code     0  faddsub_clz.o(x$fpl$fadd)
    x$fpl$fcmpinf                            0x08002104   Section       24  fcmpi.o(x$fpl$fcmpinf)
    x$fpl$ffix                               0x0800211c   Section       54  ffix.o(x$fpl$ffix)
    x$fpl$fflt                               0x08002154   Section       48  fflt_clz.o(x$fpl$fflt)
    x$fpl$fleqf                              0x08002184   Section      104  fleqf.o(x$fpl$fleqf)
    x$fpl$fmul                               0x080021ec   Section      258  fmul.o(x$fpl$fmul)
    x$fpl$fnaninf                            0x080022ee   Section      140  fnaninf.o(x$fpl$fnaninf)
    x$fpl$fretinf                            0x0800237a   Section       10  fretinf.o(x$fpl$fretinf)
    x$fpl$frleqf                             0x08002384   Section       98  frleqf.o(x$fpl$frleqf)
    x$fpl$fsub                               0x080023e8   Section      234  faddsub_clz.o(x$fpl$fsub)
    _fsub1                                   0x080023f7   Thumb Code     0  faddsub_clz.o(x$fpl$fsub)
    .constdata                               0x080024d2   Section       46  colorful_led.o(.constdata)
    x$fpl$usenofp                            0x080024d2   Section        0  usenofp.o(x$fpl$usenofp)
    colors                                   0x080024d2   Data          18  colorful_led.o(.constdata)
    colors                                   0x080024e4   Data          18  colorful_led.o(.constdata)
    brightness                               0x080024f6   Data           5  colorful_led.o(.constdata)
    brightness                               0x080024fb   Data           5  colorful_led.o(.constdata)
    .data                                    0x20000000   Section        6  usart.o(.data)
    received_data                            0x20000004   Data           1  usart.o(.data)
    received_ready                           0x20000005   Data           1  usart.o(.data)
    .data                                    0x20000006   Section       20  stm32f10x_rcc.o(.data)
    APBAHBPrescTable                         0x20000006   Data          16  stm32f10x_rcc.o(.data)
    ADCPrescTable                            0x20000016   Data           4  stm32f10x_rcc.o(.data)
    .data                                    0x2000001a   Section       14  colorful_led.o(.data)
    position                                 0x2000001a   Data           1  colorful_led.o(.data)
    position                                 0x2000001b   Data           1  colorful_led.o(.data)
    position                                 0x2000001c   Data           1  colorful_led.o(.data)
    offset                                   0x2000001d   Data           1  colorful_led.o(.data)
    position                                 0x2000001e   Data           1  colorful_led.o(.data)
    position                                 0x2000001f   Data           1  colorful_led.o(.data)
    offset                                   0x20000020   Data           1  colorful_led.o(.data)
    brightness                               0x20000022   Data           2  colorful_led.o(.data)
    change                                   0x20000024   Data           2  colorful_led.o(.data)
    head                                     0x20000026   Data           1  colorful_led.o(.data)
    head                                     0x20000027   Data           1  colorful_led.o(.data)
    .bss                                     0x20000028   Section       48  colorful_led.o(.bss)
    .bss                                     0x20000058   Section       96  libspace.o(.bss)
    HEAP                                     0x200000b8   Section        0  startup_stm32f10x_md.o(HEAP)
    STACK                                    0x200000b8   Section      512  startup_stm32f10x_md.o(STACK)
    Heap_Mem                                 0x200000b8   Data           0  startup_stm32f10x_md.o(HEAP)
    Stack_Mem                                0x200000b8   Data         512  startup_stm32f10x_md.o(STACK)
    __initial_sp                             0x200002b8   Data           0  startup_stm32f10x_md.o(STACK)

    Global Symbols

    Symbol Name                              Value     Ov Type        Size  Object(Section)

    BuildAttributes$$THM_ISAv4$P$D$K$B$S$PE$A:L22UL41UL21$X:L11$S22US41US21$IEEE1$IW$USESV6$~STKCKD$USESV7$~SHL$OSPACE$ROPI$EBA8$UX$STANDARDLIB$REQ8$PRES8$EABIv2 0x00000000   Number         0  anon$$obj.o ABSOLUTE
    __ARM_use_no_argv                        0x00000000   Number         0  main.o ABSOLUTE
    __ARM_exceptions_init                     - Undefined Weak Reference
    __alloca_initialize                       - Undefined Weak Reference
    __arm_preinit_                            - Undefined Weak Reference
    __cpp_initialize__aeabi_                  - Undefined Weak Reference
    __cxa_finalize                            - Undefined Weak Reference
    __rt_locale                               - Undefined Weak Reference
    __sigvec_lookup                           - Undefined Weak Reference
    _atexit_init                              - Undefined Weak Reference
    _call_atexit_fns                          - Undefined Weak Reference
    _clock_init                               - Undefined Weak Reference
    _fp_trap_init                             - Undefined Weak Reference
    _fp_trap_shutdown                         - Undefined Weak Reference
    _get_lc_collate                           - Undefined Weak Reference
    _get_lc_ctype                             - Undefined Weak Reference
    _get_lc_monetary                          - Undefined Weak Reference
    _get_lc_numeric                           - Undefined Weak Reference
    _get_lc_time                              - Undefined Weak Reference
    _getenv_init                              - Undefined Weak Reference
    _handle_redirection                       - Undefined Weak Reference
    _init_alloc                               - Undefined Weak Reference
    _init_user_alloc                          - Undefined Weak Reference
    _initio                                   - Undefined Weak Reference
    _mutex_acquire                            - Undefined Weak Reference
    _mutex_release                            - Undefined Weak Reference
    _printf_mbtowc                            - Undefined Weak Reference
    _printf_post_padding                      - Undefined Weak Reference
    _printf_pre_padding                       - Undefined Weak Reference
    _printf_truncate_signed                   - Undefined Weak Reference
    _printf_truncate_unsigned                 - Undefined Weak Reference
    _rand_init                                - Undefined Weak Reference
    _signal_finish                            - Undefined Weak Reference
    _signal_init                              - Undefined Weak Reference
    _terminate_alloc                          - Undefined Weak Reference
    _terminate_user_alloc                     - Undefined Weak Reference
    _terminateio                              - Undefined Weak Reference
    __Vectors_Size                           0x00000130   Number         0  startup_stm32f10x_md.o ABSOLUTE
    __Vectors                                0x08000000   Data           4  startup_stm32f10x_md.o(RESET)
    __Vectors_End                            0x08000130   Data           0  startup_stm32f10x_md.o(RESET)
    __main                                   0x08000131   Thumb Code     8  __main.o(!!!main)
    __scatterload                            0x08000139   Thumb Code     0  __scatter.o(!!!scatter)
    __scatterload_rt2                        0x08000139   Thumb Code    44  __scatter.o(!!!scatter)
    __scatterload_rt2_thumb_only             0x08000139   Thumb Code     0  __scatter.o(!!!scatter)
    __scatterload_null                       0x08000147   Thumb Code     0  __scatter.o(!!!scatter)
    __scatterload_copy                       0x0800016d   Thumb Code    26  __scatter_copy.o(!!handler_copy)
    __scatterload_zeroinit                   0x08000189   Thumb Code    28  __scatter_zi.o(!!handler_zi)
    _printf_d                                0x080001a5   Thumb Code     0  _printf_d.o(.ARM.Collect$$_printf_percent$$00000009)
    _printf_percent                          0x080001a5   Thumb Code     0  _printf_percent.o(.ARM.Collect$$_printf_percent$$00000000)
    _printf_c                                0x080001ab   Thumb Code     0  _printf_c.o(.ARM.Collect$$_printf_percent$$00000013)
    _printf_percent_end                      0x080001b1   Thumb Code     0  _printf_percent_end.o(.ARM.Collect$$_printf_percent$$00000017)
    __rt_lib_init                            0x080001b5   Thumb Code     0  libinit.o(.ARM.Collect$$libinit$$00000000)
    __rt_lib_init_alloca_1                   0x080001b7   Thumb Code     0  libinit2.o(.ARM.Collect$$libinit$$0000002E)
    __rt_lib_init_argv_1                     0x080001b7   Thumb Code     0  libinit2.o(.ARM.Collect$$libinit$$0000002C)
    __rt_lib_init_atexit_1                   0x080001b7   Thumb Code     0  libinit2.o(.ARM.Collect$$libinit$$0000001B)
    __rt_lib_init_clock_1                    0x080001b7   Thumb Code     0  libinit2.o(.ARM.Collect$$libinit$$00000021)
    __rt_lib_init_cpp_1                      0x080001b7   Thumb Code     0  libinit2.o(.ARM.Collect$$libinit$$00000032)
    __rt_lib_init_exceptions_1               0x080001b7   Thumb Code     0  libinit2.o(.ARM.Collect$$libinit$$00000030)
    __rt_lib_init_fp_1                       0x080001b7   Thumb Code     0  libinit2.o(.ARM.Collect$$libinit$$00000002)
    __rt_lib_init_fp_trap_1                  0x080001b7   Thumb Code     0  libinit2.o(.ARM.Collect$$libinit$$0000001F)
    __rt_lib_init_getenv_1                   0x080001b7   Thumb Code     0  libinit2.o(.ARM.Collect$$libinit$$00000023)
    __rt_lib_init_heap_1                     0x080001b7   Thumb Code     0  libinit2.o(.ARM.Collect$$libinit$$0000000A)
    __rt_lib_init_lc_collate_1               0x080001b7   Thumb Code     0  libinit2.o(.ARM.Collect$$libinit$$00000011)
    __rt_lib_init_lc_ctype_1                 0x080001b7   Thumb Code     0  libinit2.o(.ARM.Collect$$libinit$$00000013)
    __rt_lib_init_lc_monetary_1              0x080001b7   Thumb Code     0  libinit2.o(.ARM.Collect$$libinit$$00000015)
    __rt_lib_init_lc_numeric_1               0x080001b7   Thumb Code     0  libinit2.o(.ARM.Collect$$libinit$$00000017)
    __rt_lib_init_lc_time_1                  0x080001b7   Thumb Code     0  libinit2.o(.ARM.Collect$$libinit$$00000019)
    __rt_lib_init_preinit_1                  0x080001b7   Thumb Code     0  libinit2.o(.ARM.Collect$$libinit$$00000004)
    __rt_lib_init_rand_1                     0x080001b7   Thumb Code     0  libinit2.o(.ARM.Collect$$libinit$$0000000E)
    __rt_lib_init_return                     0x080001b7   Thumb Code     0  libinit2.o(.ARM.Collect$$libinit$$00000033)
    __rt_lib_init_signal_1                   0x080001b7   Thumb Code     0  libinit2.o(.ARM.Collect$$libinit$$0000001D)
    __rt_lib_init_stdio_1                    0x080001b7   Thumb Code     0  libinit2.o(.ARM.Collect$$libinit$$00000025)
    __rt_lib_init_user_alloc_1               0x080001b7   Thumb Code     0  libinit2.o(.ARM.Collect$$libinit$$0000000C)
    __rt_lib_shutdown                        0x080001b9   Thumb Code     0  libshutdown.o(.ARM.Collect$$libshutdown$$00000000)
    __rt_lib_shutdown_cpp_1                  0x080001bb   Thumb Code     0  libshutdown2.o(.ARM.Collect$$libshutdown$$00000002)
    __rt_lib_shutdown_fp_trap_1              0x080001bb   Thumb Code     0  libshutdown2.o(.ARM.Collect$$libshutdown$$00000007)
    __rt_lib_shutdown_heap_1                 0x080001bb   Thumb Code     0  libshutdown2.o(.ARM.Collect$$libshutdown$$0000000F)
    __rt_lib_shutdown_return                 0x080001bb   Thumb Code     0  libshutdown2.o(.ARM.Collect$$libshutdown$$00000010)
    __rt_lib_shutdown_signal_1               0x080001bb   Thumb Code     0  libshutdown2.o(.ARM.Collect$$libshutdown$$0000000A)
    __rt_lib_shutdown_stdio_1                0x080001bb   Thumb Code     0  libshutdown2.o(.ARM.Collect$$libshutdown$$00000004)
    __rt_lib_shutdown_user_alloc_1           0x080001bb   Thumb Code     0  libshutdown2.o(.ARM.Collect$$libshutdown$$0000000C)
    __rt_entry                               0x080001bd   Thumb Code     0  __rtentry.o(.ARM.Collect$$rtentry$$00000000)
    __rt_entry_presh_1                       0x080001bd   Thumb Code     0  __rtentry2.o(.ARM.Collect$$rtentry$$00000002)
    __rt_entry_sh                            0x080001bd   Thumb Code     0  __rtentry4.o(.ARM.Collect$$rtentry$$00000004)
    __rt_entry_li                            0x080001c3   Thumb Code     0  __rtentry2.o(.ARM.Collect$$rtentry$$0000000A)
    __rt_entry_postsh_1                      0x080001c3   Thumb Code     0  __rtentry2.o(.ARM.Collect$$rtentry$$00000009)
    __rt_entry_main                          0x080001c7   Thumb Code     0  __rtentry2.o(.ARM.Collect$$rtentry$$0000000D)
    __rt_entry_postli_1                      0x080001c7   Thumb Code     0  __rtentry2.o(.ARM.Collect$$rtentry$$0000000C)
    __rt_exit                                0x080001cf   Thumb Code     0  rtexit.o(.ARM.Collect$$rtexit$$00000000)
    __rt_exit_ls                             0x080001d1   Thumb Code     0  rtexit2.o(.ARM.Collect$$rtexit$$00000003)
    __rt_exit_prels_1                        0x080001d1   Thumb Code     0  rtexit2.o(.ARM.Collect$$rtexit$$00000002)
    __rt_exit_exit                           0x080001d5   Thumb Code     0  rtexit2.o(.ARM.Collect$$rtexit$$00000004)
    SystemInit_ExtMemCtl                     0x080001dd   Thumb Code     2  startup_stm32f10x_md.o(.text)
    Reset_Handler                            0x080001df   Thumb Code    14  startup_stm32f10x_md.o(.text)
    ADC1_2_IRQHandler                        0x080001ff   Thumb Code     0  startup_stm32f10x_md.o(.text)
    ADC3_IRQHandler                          0x080001ff   Thumb Code     0  startup_stm32f10x_md.o(.text)
    CAN1_RX1_IRQHandler                      0x080001ff   Thumb Code     0  startup_stm32f10x_md.o(.text)
    CAN1_SCE_IRQHandler                      0x080001ff   Thumb Code     0  startup_stm32f10x_md.o(.text)
    DMA1_Channel1_IRQHandler                 0x080001ff   Thumb Code     0  startup_stm32f10x_md.o(.text)
    DMA1_Channel2_IRQHandler                 0x080001ff   Thumb Code     0  startup_stm32f10x_md.o(.text)
    DMA1_Channel3_IRQHandler                 0x080001ff   Thumb Code     0  startup_stm32f10x_md.o(.text)
    DMA1_Channel4_IRQHandler                 0x080001ff   Thumb Code     0  startup_stm32f10x_md.o(.text)
    DMA1_Channel5_IRQHandler                 0x080001ff   Thumb Code     0  startup_stm32f10x_md.o(.text)
    DMA1_Channel6_IRQHandler                 0x080001ff   Thumb Code     0  startup_stm32f10x_md.o(.text)
    DMA1_Channel7_IRQHandler                 0x080001ff   Thumb Code     0  startup_stm32f10x_md.o(.text)
    DMA2_Channel1_IRQHandler                 0x080001ff   Thumb Code     0  startup_stm32f10x_md.o(.text)
    DMA2_Channel2_IRQHandler                 0x080001ff   Thumb Code     0  startup_stm32f10x_md.o(.text)
    DMA2_Channel3_IRQHandler                 0x080001ff   Thumb Code     0  startup_stm32f10x_md.o(.text)
    DMA2_Channel4_5_IRQHandler               0x080001ff   Thumb Code     0  startup_stm32f10x_md.o(.text)
    EXTI0_IRQHandler                         0x080001ff   Thumb Code     0  startup_stm32f10x_md.o(.text)
    EXTI15_10_IRQHandler                     0x080001ff   Thumb Code     0  startup_stm32f10x_md.o(.text)
    EXTI1_IRQHandler                         0x080001ff   Thumb Code     0  startup_stm32f10x_md.o(.text)
    EXTI2_IRQHandler                         0x080001ff   Thumb Code     0  startup_stm32f10x_md.o(.text)
    EXTI3_IRQHandler                         0x080001ff   Thumb Code     0  startup_stm32f10x_md.o(.text)
    EXTI4_IRQHandler                         0x080001ff   Thumb Code     0  startup_stm32f10x_md.o(.text)
    EXTI9_5_IRQHandler                       0x080001ff   Thumb Code     0  startup_stm32f10x_md.o(.text)
    FLASH_IRQHandler                         0x080001ff   Thumb Code     0  startup_stm32f10x_md.o(.text)
    FSMC_IRQHandler                          0x080001ff   Thumb Code     0  startup_stm32f10x_md.o(.text)
    I2C1_ER_IRQHandler                       0x080001ff   Thumb Code     0  startup_stm32f10x_md.o(.text)
    I2C1_EV_IRQHandler                       0x080001ff   Thumb Code     0  startup_stm32f10x_md.o(.text)
    I2C2_ER_IRQHandler                       0x080001ff   Thumb Code     0  startup_stm32f10x_md.o(.text)
    I2C2_EV_IRQHandler                       0x080001ff   Thumb Code     0  startup_stm32f10x_md.o(.text)
    PVD_IRQHandler                           0x080001ff   Thumb Code     0  startup_stm32f10x_md.o(.text)
    RCC_IRQHandler                           0x080001ff   Thumb Code     0  startup_stm32f10x_md.o(.text)
    RTCAlarm_IRQHandler                      0x080001ff   Thumb Code     0  startup_stm32f10x_md.o(.text)
    RTC_IRQHandler                           0x080001ff   Thumb Code     0  startup_stm32f10x_md.o(.text)
    SDIO_IRQHandler                          0x080001ff   Thumb Code     0  startup_stm32f10x_md.o(.text)
    SPI1_IRQHandler                          0x080001ff   Thumb Code     0  startup_stm32f10x_md.o(.text)
    SPI2_IRQHandler                          0x080001ff   Thumb Code     0  startup_stm32f10x_md.o(.text)
    SPI3_IRQHandler                          0x080001ff   Thumb Code     0  startup_stm32f10x_md.o(.text)
    TAMPER_IRQHandler                        0x080001ff   Thumb Code     0  startup_stm32f10x_md.o(.text)
    TIM1_BRK_IRQHandler                      0x080001ff   Thumb Code     0  startup_stm32f10x_md.o(.text)
    TIM1_CC_IRQHandler                       0x080001ff   Thumb Code     0  startup_stm32f10x_md.o(.text)
    TIM1_TRG_COM_IRQHandler                  0x080001ff   Thumb Code     0  startup_stm32f10x_md.o(.text)
    TIM1_UP_IRQHandler                       0x080001ff   Thumb Code     0  startup_stm32f10x_md.o(.text)
    TIM2_IRQHandler                          0x080001ff   Thumb Code     0  startup_stm32f10x_md.o(.text)
    TIM3_IRQHandler                          0x080001ff   Thumb Code     0  startup_stm32f10x_md.o(.text)
    TIM4_IRQHandler                          0x080001ff   Thumb Code     0  startup_stm32f10x_md.o(.text)
    TIM5_IRQHandler                          0x080001ff   Thumb Code     0  startup_stm32f10x_md.o(.text)
    TIM6_IRQHandler                          0x080001ff   Thumb Code     0  startup_stm32f10x_md.o(.text)
    TIM7_IRQHandler                          0x080001ff   Thumb Code     0  startup_stm32f10x_md.o(.text)
    TIM8_BRK_IRQHandler                      0x080001ff   Thumb Code     0  startup_stm32f10x_md.o(.text)
    TIM8_CC_IRQHandler                       0x080001ff   Thumb Code     0  startup_stm32f10x_md.o(.text)
    TIM8_TRG_COM_IRQHandler                  0x080001ff   Thumb Code     0  startup_stm32f10x_md.o(.text)
    TIM8_UP_IRQHandler                       0x080001ff   Thumb Code     0  startup_stm32f10x_md.o(.text)
    UART4_IRQHandler                         0x080001ff   Thumb Code     0  startup_stm32f10x_md.o(.text)
    UART5_IRQHandler                         0x080001ff   Thumb Code     0  startup_stm32f10x_md.o(.text)
    USART2_IRQHandler                        0x080001ff   Thumb Code     0  startup_stm32f10x_md.o(.text)
    USART3_IRQHandler                        0x080001ff   Thumb Code     0  startup_stm32f10x_md.o(.text)
    USBWakeUp_IRQHandler                     0x080001ff   Thumb Code     0  startup_stm32f10x_md.o(.text)
    USB_HP_CAN1_TX_IRQHandler                0x080001ff   Thumb Code     0  startup_stm32f10x_md.o(.text)
    USB_LP_CAN1_RX0_IRQHandler               0x080001ff   Thumb Code     0  startup_stm32f10x_md.o(.text)
    WWDG_IRQHandler                          0x080001ff   Thumb Code     0  startup_stm32f10x_md.o(.text)
    __user_initial_stackheap                 0x08000201   Thumb Code     0  startup_stm32f10x_md.o(.text)
    __use_no_semihosting                     0x08000225   Thumb Code     2  use_no_semi_2.o(.text)
    __2printf                                0x08000229   Thumb Code    20  noretval__2printf.o(.text)
    __printf                                 0x08000241   Thumb Code   104  __printf.o(.text)
    _printf_str                              0x080002a9   Thumb Code    82  _printf_str.o(.text)
    _printf_int_dec                          0x080002fd   Thumb Code   104  _printf_dec.o(.text)
    __use_two_region_memory                  0x08000375   Thumb Code     2  heapauxi.o(.text)
    __rt_heap_escrow$2region                 0x08000377   Thumb Code     2  heapauxi.o(.text)
    __rt_heap_expand$2region                 0x08000379   Thumb Code     2  heapauxi.o(.text)
    __I$use$semihosting                      0x0800037b   Thumb Code     0  use_no_semi.o(.text)
    __use_no_semihosting_swi                 0x0800037b   Thumb Code     2  use_no_semi.o(.text)
    _printf_int_common                       0x0800037d   Thumb Code   178  _printf_intcommon.o(.text)
    _printf_cs_common                        0x0800042f   Thumb Code    20  _printf_char.o(.text)
    _printf_char                             0x08000443   Thumb Code    16  _printf_char.o(.text)
    _printf_string                           0x08000453   Thumb Code     8  _printf_char.o(.text)
    _printf_char_file                        0x0800045d   Thumb Code    32  _printf_char_file.o(.text)
    _printf_char_common                      0x0800048b   Thumb Code    32  _printf_char_common.o(.text)
    ferror                                   0x080004b1   Thumb Code     8  ferror.o(.text)
    __user_setup_stackheap                   0x080004b9   Thumb Code    74  sys_stackheap_outer.o(.text)
    exit                                     0x08000503   Thumb Code    18  exit.o(.text)
    __user_libspace                          0x08000515   Thumb Code     8  libspace.o(.text)
    __user_perproc_libspace                  0x08000515   Thumb Code     0  libspace.o(.text)
    __user_perthread_libspace                0x08000515   Thumb Code     0  libspace.o(.text)
    BusFault_Handler                         0x0800051d   Thumb Code     4  stm32f10x_it.o(i.BusFault_Handler)
    Control_RunTimedPID                      0x080005d5   Thumb Code    28  control_system.o(i.Control_RunTimedPID)
    Control_SetWheels                        0x080005f1   Thumb Code    20  control_system.o(i.Control_SetWheels)
    Control_Stop                             0x08000605   Thumb Code    12  control_system.o(i.Control_Stop)
    Control_System_Init                      0x08000611   Thumb Code   208  control_system.o(i.Control_System_Init)
    DebugMon_Handler                         0x080006e9   Thumb Code     2  stm32f10x_it.o(i.DebugMon_Handler)
    Encoder_Init_TIM2                        0x08000745   Thumb Code   126  encoder.o(i.Encoder_Init_TIM2)
    Encoder_Init_TIM3                        0x080007c9   Thumb Code   118  encoder.o(i.Encoder_Init_TIM3)
    Encoder_Reset                            0x08000849   Thumb Code    22  encoder.o(i.Encoder_Reset)
    GPIO_Init                                0x08000865   Thumb Code   278  stm32f10x_gpio.o(i.GPIO_Init)
    HardFault_Handler                        0x0800097b   Thumb Code     4  stm32f10x_it.o(i.HardFault_Handler)
    JTAG_Set                                 0x08000981   Thumb Code    38  sys.o(i.JTAG_Set)
    LED_All_Off_Step                         0x080009b1   Thumb Code    12  colorful_led.o(i.LED_All_Off_Step)
    LED_Colorful_Ring_Step                   0x080009e5   Thumb Code    90  colorful_led.o(i.LED_Colorful_Ring_Step)
    LED_Red_Breathing_Step                   0x08000a49   Thumb Code    96  colorful_led.o(i.LED_Red_Breathing_Step)
    L_send_0                                 0x08000afd   Thumb Code   166  colorful_led.o(i.L_send_0)
    L_send_1                                 0x08000bad   Thumb Code   166  colorful_led.o(i.L_send_1)
    L_ws2812_refresh                         0x08000c5d   Thumb Code   186  colorful_led.o(i.L_ws2812_refresh)
    L_ws2812_reset                           0x08000d1d   Thumb Code    16  colorful_led.o(i.L_ws2812_reset)
    L_ws2812_rgb                             0x08000d31   Thumb Code    34  colorful_led.o(i.L_ws2812_rgb)
    MYRCC_DeInit                             0x08000d59   Thumb Code    90  sys.o(i.MYRCC_DeInit)
    MY_NVIC_PriorityGroupConfig              0x08000dc1   Thumb Code    32  sys.o(i.MY_NVIC_PriorityGroupConfig)
    MY_NVIC_SetVectorTable                   0x08000de9   Thumb Code    12  sys.o(i.MY_NVIC_SetVectorTable)
    MemManage_Handler                        0x08000dfd   Thumb Code     4  stm32f10x_it.o(i.MemManage_Handler)
    NMI_Handler                              0x08000e01   Thumb Code     2  stm32f10x_it.o(i.NMI_Handler)
    NVIC_Init                                0x08000e05   Thumb Code   100  misc.o(i.NVIC_Init)
    PendSV_Handler                           0x08000e81   Thumb Code     2  stm32f10x_it.o(i.PendSV_Handler)
    RCC_APB1PeriphClockCmd                   0x08000e85   Thumb Code    26  stm32f10x_rcc.o(i.RCC_APB1PeriphClockCmd)
    RCC_APB2PeriphClockCmd                   0x08000ea5   Thumb Code    26  stm32f10x_rcc.o(i.RCC_APB2PeriphClockCmd)
    RCC_GetClocksFreq                        0x08000ec5   Thumb Code   192  stm32f10x_rcc.o(i.RCC_GetClocksFreq)
    R_send_0                                 0x08000f99   Thumb Code   166  colorful_led.o(i.R_send_0)
    R_send_1                                 0x08001049   Thumb Code   166  colorful_led.o(i.R_send_1)
    R_ws2812_refresh                         0x080010f9   Thumb Code   186  colorful_led.o(i.R_ws2812_refresh)
    R_ws2812_reset                           0x080011b9   Thumb Code    16  colorful_led.o(i.R_ws2812_reset)
    R_ws2812_rgb                             0x080011cd   Thumb Code    34  colorful_led.o(i.R_ws2812_rgb)
    Read_Encoder                             0x08001251   Thumb Code    56  encoder.o(i.Read_Encoder)
    SVC_Handler                              0x08001441   Thumb Code     2  stm32f10x_it.o(i.SVC_Handler)
    Stm32_Clock_Init                         0x080015b9   Thumb Code   134  sys.o(i.Stm32_Clock_Init)
    SysTick_Handler                          0x08001649   Thumb Code     2  stm32f10x_it.o(i.SysTick_Handler)
    TIM_ARRPreloadConfig                     0x0800188d   Thumb Code    24  stm32f10x_tim.o(i.TIM_ARRPreloadConfig)
    TIM_Cmd                                  0x080018a5   Thumb Code    24  stm32f10x_tim.o(i.TIM_Cmd)
    TIM_EncoderInterfaceConfig               0x080018bd   Thumb Code    66  stm32f10x_tim.o(i.TIM_EncoderInterfaceConfig)
    TIM_GetCounter                           0x080018ff   Thumb Code     6  stm32f10x_tim.o(i.TIM_GetCounter)
    TIM_ICInit                               0x08001905   Thumb Code   150  stm32f10x_tim.o(i.TIM_ICInit)
    TIM_ICStructInit                         0x080019b1   Thumb Code    18  stm32f10x_tim.o(i.TIM_ICStructInit)
    TIM_OC1Init                              0x080019c5   Thumb Code   132  stm32f10x_tim.o(i.TIM_OC1Init)
    TIM_OC1PreloadConfig                     0x08001a5d   Thumb Code    18  stm32f10x_tim.o(i.TIM_OC1PreloadConfig)
    TIM_OC2Init                              0x08001a71   Thumb Code   154  stm32f10x_tim.o(i.TIM_OC2Init)
    TIM_OC2PreloadConfig                     0x08001b15   Thumb Code    26  stm32f10x_tim.o(i.TIM_OC2PreloadConfig)
    TIM_OCStructInit                         0x08001b2f   Thumb Code    20  stm32f10x_tim.o(i.TIM_OCStructInit)
    TIM_SetCounter                           0x08001b43   Thumb Code     4  stm32f10x_tim.o(i.TIM_SetCounter)
    TIM_SetIC1Prescaler                      0x08001b47   Thumb Code    18  stm32f10x_tim.o(i.TIM_SetIC1Prescaler)
    TIM_SetIC2Prescaler                      0x08001b59   Thumb Code    26  stm32f10x_tim.o(i.TIM_SetIC2Prescaler)
    TIM_SetIC3Prescaler                      0x08001b73   Thumb Code    18  stm32f10x_tim.o(i.TIM_SetIC3Prescaler)
    TIM_SetIC4Prescaler                      0x08001b85   Thumb Code    26  stm32f10x_tim.o(i.TIM_SetIC4Prescaler)
    TIM_TimeBaseInit                         0x08001ba1   Thumb Code   122  stm32f10x_tim.o(i.TIM_TimeBaseInit)
    TIM_TimeBaseStructInit                   0x08001c45   Thumb Code    18  stm32f10x_tim.o(i.TIM_TimeBaseStructInit)
    USART1_IRQHandler                        0x08001c59   Thumb Code    48  usart.o(i.USART1_IRQHandler)
    USART_Cmd                                0x08001c95   Thumb Code    24  stm32f10x_usart.o(i.USART_Cmd)
    USART_GetITStatus                        0x08001cad   Thumb Code    84  stm32f10x_usart.o(i.USART_GetITStatus)
    USART_ITConfig                           0x08001d01   Thumb Code    74  stm32f10x_usart.o(i.USART_ITConfig)
    USART_Init                               0x08001d4d   Thumb Code   210  stm32f10x_usart.o(i.USART_Init)
    USART_ReceiveData                        0x08001e25   Thumb Code    10  stm32f10x_usart.o(i.USART_ReceiveData)
    USART_StructInit                         0x08001e2f   Thumb Code    24  stm32f10x_usart.o(i.USART_StructInit)
    UsageFault_Handler                       0x08001e47   Thumb Code     4  stm32f10x_it.o(i.UsageFault_Handler)
    _sys_exit                                0x08001e4b   Thumb Code     2  usart.o(i._sys_exit)
    colorful_led_Init                        0x08001e4d   Thumb Code    40  colorful_led.o(i.colorful_led_Init)
    delay_ms                                 0x08001e79   Thumb Code    30  delay.o(i.delay_ms)
    delay_us                                 0x08001e97   Thumb Code    28  delay.o(i.delay_us)
    fputc                                    0x08001eb5   Thumb Code    24  usart.o(i.fputc)
    main                                     0x08001ed1   Thumb Code   108  main.o(i.main)
    uart_init                                0x08001f99   Thumb Code   158  usart.o(i.uart_init)
    __aeabi_fadd                             0x08002041   Thumb Code     0  faddsub_clz.o(x$fpl$fadd)
    _fadd                                    0x08002041   Thumb Code   196  faddsub_clz.o(x$fpl$fadd)
    __fpl_fcmp_Inf                           0x08002105   Thumb Code    24  fcmpi.o(x$fpl$fcmpinf)
    __aeabi_f2iz                             0x0800211d   Thumb Code     0  ffix.o(x$fpl$ffix)
    _ffix                                    0x0800211d   Thumb Code    54  ffix.o(x$fpl$ffix)
    __aeabi_i2f                              0x08002155   Thumb Code     0  fflt_clz.o(x$fpl$fflt)
    _fflt                                    0x08002155   Thumb Code    48  fflt_clz.o(x$fpl$fflt)
    __aeabi_cfcmple                          0x08002185   Thumb Code     0  fleqf.o(x$fpl$fleqf)
    _fcmple                                  0x08002185   Thumb Code   104  fleqf.o(x$fpl$fleqf)
    __fpl_fcmple_InfNaN                      0x080021d7   Thumb Code     0  fleqf.o(x$fpl$fleqf)
    __aeabi_fmul                             0x080021ed   Thumb Code     0  fmul.o(x$fpl$fmul)
    _fmul                                    0x080021ed   Thumb Code   258  fmul.o(x$fpl$fmul)
    __fpl_fnaninf                            0x080022ef   Thumb Code   140  fnaninf.o(x$fpl$fnaninf)
    __fpl_fretinf                            0x0800237b   Thumb Code    10  fretinf.o(x$fpl$fretinf)
    __aeabi_cfrcmple                         0x08002385   Thumb Code     0  frleqf.o(x$fpl$frleqf)
    _frcmple                                 0x08002385   Thumb Code    98  frleqf.o(x$fpl$frleqf)
    __aeabi_fsub                             0x080023e9   Thumb Code     0  faddsub_clz.o(x$fpl$fsub)
    _fsub                                    0x080023e9   Thumb Code   234  faddsub_clz.o(x$fpl$fsub)
    __I$use$fp                               0x080024d2   Number         0  usenofp.o(x$fpl$usenofp)
    Region$$Table$$Base                      0x08002500   Number         0  anon$$obj.o(Region$$Table)
    Region$$Table$$Limit                     0x08002520   Number         0  anon$$obj.o(Region$$Table)
    __stdout                                 0x20000000   Data           4  usart.o(.data)
    L_ws_data                                0x20000028   Data          24  colorful_led.o(.bss)
    R_ws_data                                0x20000040   Data          24  colorful_led.o(.bss)
    __libspace_start                         0x20000058   Data          96  libspace.o(.bss)
    __temporary_stack_top$libspace           0x200000b8   Data           0  libspace.o(.bss)



==============================================================================

Memory Map of the image

  Image Entry point : 0x080001df

  Load Region LR_1 (Base: 0x08000000, Size: 0x00002548, Max: 0xffffffff, ABSOLUTE)

    Execution Region ER_RO (Exec base: 0x08000000, Load base: 0x08000000, Size: 0x00002520, Max: 0xffffffff, ABSOLUTE)

    Exec Addr    Load Addr    Size         Type   Attr      Idx    E Section Name        Object

    0x08000000   0x08000000   0x00000130   Data   RO          371    RESET               startup_stm32f10x_md.o
    0x08000130   0x08000130   0x00000008   Code   RO         3717  * !!!main             c_w.l(__main.o)
    0x08000138   0x08000138   0x00000034   Code   RO         3916    !!!scatter          c_w.l(__scatter.o)
    0x0800016c   0x0800016c   0x0000001a   Code   RO         3918    !!handler_copy      c_w.l(__scatter_copy.o)
    0x08000186   0x08000186   0x00000002   PAD
    0x08000188   0x08000188   0x0000001c   Code   RO         3920    !!handler_zi        c_w.l(__scatter_zi.o)
    0x080001a4   0x080001a4   0x00000000   Code   RO         3714    .ARM.Collect$$_printf_percent$$00000000  c_w.l(_printf_percent.o)
    0x080001a4   0x080001a4   0x00000006   Code   RO         3713    .ARM.Collect$$_printf_percent$$00000009  c_w.l(_printf_d.o)
    0x080001aa   0x080001aa   0x00000006   Code   RO         3712    .ARM.Collect$$_printf_percent$$00000013  c_w.l(_printf_c.o)
    0x080001b0   0x080001b0   0x00000004   Code   RO         3750    .ARM.Collect$$_printf_percent$$00000017  c_w.l(_printf_percent_end.o)
    0x080001b4   0x080001b4   0x00000002   Code   RO         3790    .ARM.Collect$$libinit$$00000000  c_w.l(libinit.o)
    0x080001b6   0x080001b6   0x00000000   Code   RO         3797    .ARM.Collect$$libinit$$00000002  c_w.l(libinit2.o)
    0x080001b6   0x080001b6   0x00000000   Code   RO         3799    .ARM.Collect$$libinit$$00000004  c_w.l(libinit2.o)
    0x080001b6   0x080001b6   0x00000000   Code   RO         3802    .ARM.Collect$$libinit$$0000000A  c_w.l(libinit2.o)
    0x080001b6   0x080001b6   0x00000000   Code   RO         3804    .ARM.Collect$$libinit$$0000000C  c_w.l(libinit2.o)
    0x080001b6   0x080001b6   0x00000000   Code   RO         3806    .ARM.Collect$$libinit$$0000000E  c_w.l(libinit2.o)
    0x080001b6   0x080001b6   0x00000000   Code   RO         3809    .ARM.Collect$$libinit$$00000011  c_w.l(libinit2.o)
    0x080001b6   0x080001b6   0x00000000   Code   RO         3811    .ARM.Collect$$libinit$$00000013  c_w.l(libinit2.o)
    0x080001b6   0x080001b6   0x00000000   Code   RO         3813    .ARM.Collect$$libinit$$00000015  c_w.l(libinit2.o)
    0x080001b6   0x080001b6   0x00000000   Code   RO         3815    .ARM.Collect$$libinit$$00000017  c_w.l(libinit2.o)
    0x080001b6   0x080001b6   0x00000000   Code   RO         3817    .ARM.Collect$$libinit$$00000019  c_w.l(libinit2.o)
    0x080001b6   0x080001b6   0x00000000   Code   RO         3819    .ARM.Collect$$libinit$$0000001B  c_w.l(libinit2.o)
    0x080001b6   0x080001b6   0x00000000   Code   RO         3821    .ARM.Collect$$libinit$$0000001D  c_w.l(libinit2.o)
    0x080001b6   0x080001b6   0x00000000   Code   RO         3823    .ARM.Collect$$libinit$$0000001F  c_w.l(libinit2.o)
    0x080001b6   0x080001b6   0x00000000   Code   RO         3825    .ARM.Collect$$libinit$$00000021  c_w.l(libinit2.o)
    0x080001b6   0x080001b6   0x00000000   Code   RO         3827    .ARM.Collect$$libinit$$00000023  c_w.l(libinit2.o)
    0x080001b6   0x080001b6   0x00000000   Code   RO         3829    .ARM.Collect$$libinit$$00000025  c_w.l(libinit2.o)
    0x080001b6   0x080001b6   0x00000000   Code   RO         3833    .ARM.Collect$$libinit$$0000002C  c_w.l(libinit2.o)
    0x080001b6   0x080001b6   0x00000000   Code   RO         3835    .ARM.Collect$$libinit$$0000002E  c_w.l(libinit2.o)
    0x080001b6   0x080001b6   0x00000000   Code   RO         3837    .ARM.Collect$$libinit$$00000030  c_w.l(libinit2.o)
    0x080001b6   0x080001b6   0x00000000   Code   RO         3839    .ARM.Collect$$libinit$$00000032  c_w.l(libinit2.o)
    0x080001b6   0x080001b6   0x00000002   Code   RO         3840    .ARM.Collect$$libinit$$00000033  c_w.l(libinit2.o)
    0x080001b8   0x080001b8   0x00000002   Code   RO         3858    .ARM.Collect$$libshutdown$$00000000  c_w.l(libshutdown.o)
    0x080001ba   0x080001ba   0x00000000   Code   RO         3868    .ARM.Collect$$libshutdown$$00000002  c_w.l(libshutdown2.o)
    0x080001ba   0x080001ba   0x00000000   Code   RO         3870    .ARM.Collect$$libshutdown$$00000004  c_w.l(libshutdown2.o)
    0x080001ba   0x080001ba   0x00000000   Code   RO         3873    .ARM.Collect$$libshutdown$$00000007  c_w.l(libshutdown2.o)
    0x080001ba   0x080001ba   0x00000000   Code   RO         3876    .ARM.Collect$$libshutdown$$0000000A  c_w.l(libshutdown2.o)
    0x080001ba   0x080001ba   0x00000000   Code   RO         3878    .ARM.Collect$$libshutdown$$0000000C  c_w.l(libshutdown2.o)
    0x080001ba   0x080001ba   0x00000000   Code   RO         3881    .ARM.Collect$$libshutdown$$0000000F  c_w.l(libshutdown2.o)
    0x080001ba   0x080001ba   0x00000002   Code   RO         3882    .ARM.Collect$$libshutdown$$00000010  c_w.l(libshutdown2.o)
    0x080001bc   0x080001bc   0x00000000   Code   RO         3743    .ARM.Collect$$rtentry$$00000000  c_w.l(__rtentry.o)
    0x080001bc   0x080001bc   0x00000000   Code   RO         3759    .ARM.Collect$$rtentry$$00000002  c_w.l(__rtentry2.o)
    0x080001bc   0x080001bc   0x00000006   Code   RO         3771    .ARM.Collect$$rtentry$$00000004  c_w.l(__rtentry4.o)
    0x080001c2   0x080001c2   0x00000000   Code   RO         3761    .ARM.Collect$$rtentry$$00000009  c_w.l(__rtentry2.o)
    0x080001c2   0x080001c2   0x00000004   Code   RO         3762    .ARM.Collect$$rtentry$$0000000A  c_w.l(__rtentry2.o)
    0x080001c6   0x080001c6   0x00000000   Code   RO         3764    .ARM.Collect$$rtentry$$0000000C  c_w.l(__rtentry2.o)
    0x080001c6   0x080001c6   0x00000008   Code   RO         3765    .ARM.Collect$$rtentry$$0000000D  c_w.l(__rtentry2.o)
    0x080001ce   0x080001ce   0x00000002   Code   RO         3794    .ARM.Collect$$rtexit$$00000000  c_w.l(rtexit.o)
    0x080001d0   0x080001d0   0x00000000   Code   RO         3842    .ARM.Collect$$rtexit$$00000002  c_w.l(rtexit2.o)
    0x080001d0   0x080001d0   0x00000004   Code   RO         3843    .ARM.Collect$$rtexit$$00000003  c_w.l(rtexit2.o)
    0x080001d4   0x080001d4   0x00000006   Code   RO         3844    .ARM.Collect$$rtexit$$00000004  c_w.l(rtexit2.o)
    0x080001da   0x080001da   0x00000002   PAD
    0x080001dc   0x080001dc   0x00000048   Code   RO          372  * .text               startup_stm32f10x_md.o
    0x08000224   0x08000224   0x00000002   Code   RO         3680    .text               c_w.l(use_no_semi_2.o)
    0x08000226   0x08000226   0x00000002   PAD
    0x08000228   0x08000228   0x00000018   Code   RO         3684    .text               c_w.l(noretval__2printf.o)
    0x08000240   0x08000240   0x00000068   Code   RO         3686    .text               c_w.l(__printf.o)
    0x080002a8   0x080002a8   0x00000052   Code   RO         3688    .text               c_w.l(_printf_str.o)
    0x080002fa   0x080002fa   0x00000002   PAD
    0x080002fc   0x080002fc   0x00000078   Code   RO         3690    .text               c_w.l(_printf_dec.o)
    0x08000374   0x08000374   0x00000006   Code   RO         3715    .text               c_w.l(heapauxi.o)
    0x0800037a   0x0800037a   0x00000002   Code   RO         3741    .text               c_w.l(use_no_semi.o)
    0x0800037c   0x0800037c   0x000000b2   Code   RO         3744    .text               c_w.l(_printf_intcommon.o)
    0x0800042e   0x0800042e   0x0000002c   Code   RO         3746    .text               c_w.l(_printf_char.o)
    0x0800045a   0x0800045a   0x00000002   PAD
    0x0800045c   0x0800045c   0x00000024   Code   RO         3748    .text               c_w.l(_printf_char_file.o)
    0x08000480   0x08000480   0x00000030   Code   RO         3773    .text               c_w.l(_printf_char_common.o)
    0x080004b0   0x080004b0   0x00000008   Code   RO         3775    .text               c_w.l(ferror.o)
    0x080004b8   0x080004b8   0x0000004a   Code   RO         3779    .text               c_w.l(sys_stackheap_outer.o)
    0x08000502   0x08000502   0x00000012   Code   RO         3783    .text               c_w.l(exit.o)
    0x08000514   0x08000514   0x00000008   Code   RO         3791    .text               c_w.l(libspace.o)
    0x0800051c   0x0800051c   0x00000004   Code   RO          130    i.BusFault_Handler  stm32f10x_it.o
    0x08000520   0x08000520   0x0000008c   Code   RO         3540    i.CalculateSyncCorrection  control_system.o
    0x080005ac   0x080005ac   0x00000012   Code   RO         3541    i.ClampPwm          control_system.o
    0x080005be   0x080005be   0x00000016   Code   RO         3542    i.ClampS16          control_system.o
    0x080005d4   0x080005d4   0x0000001c   Code   RO         3543    i.Control_RunTimedPID  control_system.o
    0x080005f0   0x080005f0   0x00000014   Code   RO         3544    i.Control_SetWheels  control_system.o
    0x08000604   0x08000604   0x0000000c   Code   RO         3545    i.Control_Stop      control_system.o
    0x08000610   0x08000610   0x000000d8   Code   RO         3546    i.Control_System_Init  control_system.o
    0x080006e8   0x080006e8   0x00000002   Code   RO          131    i.DebugMon_Handler  stm32f10x_it.o
    0x080006ea   0x080006ea   0x00000002   PAD
    0x080006ec   0x080006ec   0x00000018   Code   RO         3547    i.EncoderCountsToRpm  control_system.o
    0x08000704   0x08000704   0x00000040   Code   RO         3643    i.Encoder_ConfigInputFilter  encoder.o
    0x08000744   0x08000744   0x00000084   Code   RO         3644    i.Encoder_Init_TIM2  encoder.o
    0x080007c8   0x080007c8   0x00000080   Code   RO         3645    i.Encoder_Init_TIM3  encoder.o
    0x08000848   0x08000848   0x0000001c   Code   RO         3646    i.Encoder_Reset     encoder.o
    0x08000864   0x08000864   0x00000116   Code   RO         1527    i.GPIO_Init         stm32f10x_gpio.o
    0x0800097a   0x0800097a   0x00000004   Code   RO          132    i.HardFault_Handler  stm32f10x_it.o
    0x0800097e   0x0800097e   0x00000002   PAD
    0x08000980   0x08000980   0x00000030   Code   RO          253    i.JTAG_Set          sys.o
    0x080009b0   0x080009b0   0x0000000c   Code   RO         3345    i.LED_All_Off_Step  colorful_led.o
    0x080009bc   0x080009bc   0x00000028   Code   RO         3348    i.LED_Clear_Frame   colorful_led.o
    0x080009e4   0x080009e4   0x00000064   Code   RO         3349    i.LED_Colorful_Ring_Step  colorful_led.o
    0x08000a48   0x08000a48   0x00000068   Code   RO         3351    i.LED_Red_Breathing_Step  colorful_led.o
    0x08000ab0   0x08000ab0   0x0000003c   Code   RO         3354    i.LED_Set_Ring_Pixel  colorful_led.o
    0x08000aec   0x08000aec   0x00000010   Code   RO         3355    i.LED_Show_Frame    colorful_led.o
    0x08000afc   0x08000afc   0x000000b0   Code   RO         3358    i.L_send_0          colorful_led.o
    0x08000bac   0x08000bac   0x000000b0   Code   RO         3359    i.L_send_1          colorful_led.o
    0x08000c5c   0x08000c5c   0x000000c0   Code   RO         3360    i.L_ws2812_refresh  colorful_led.o
    0x08000d1c   0x08000d1c   0x00000014   Code   RO         3361    i.L_ws2812_reset    colorful_led.o
    0x08000d30   0x08000d30   0x00000028   Code   RO         3362    i.L_ws2812_rgb      colorful_led.o
    0x08000d58   0x08000d58   0x00000068   Code   RO          254    i.MYRCC_DeInit      sys.o
    0x08000dc0   0x08000dc0   0x00000028   Code   RO          256    i.MY_NVIC_PriorityGroupConfig  sys.o
    0x08000de8   0x08000de8   0x00000014   Code   RO          257    i.MY_NVIC_SetVectorTable  sys.o
    0x08000dfc   0x08000dfc   0x00000004   Code   RO          133    i.MemManage_Handler  stm32f10x_it.o
    0x08000e00   0x08000e00   0x00000002   Code   RO          134    i.NMI_Handler       stm32f10x_it.o
    0x08000e02   0x08000e02   0x00000002   PAD
    0x08000e04   0x08000e04   0x00000070   Code   RO          376    i.NVIC_Init         misc.o
    0x08000e74   0x08000e74   0x00000006   Code   RO         3548    i.NormalizeLeftEncoder  control_system.o
    0x08000e7a   0x08000e7a   0x00000006   Code   RO         3549    i.NormalizeRightEncoder  control_system.o
    0x08000e80   0x08000e80   0x00000002   Code   RO          135    i.PendSV_Handler    stm32f10x_it.o
    0x08000e82   0x08000e82   0x00000002   PAD
    0x08000e84   0x08000e84   0x00000020   Code   RO         1943    i.RCC_APB1PeriphClockCmd  stm32f10x_rcc.o
    0x08000ea4   0x08000ea4   0x00000020   Code   RO         1945    i.RCC_APB2PeriphClockCmd  stm32f10x_rcc.o
    0x08000ec4   0x08000ec4   0x000000d4   Code   RO         1953    i.RCC_GetClocksFreq  stm32f10x_rcc.o
    0x08000f98   0x08000f98   0x000000b0   Code   RO         3367    i.R_send_0          colorful_led.o
    0x08001048   0x08001048   0x000000b0   Code   RO         3368    i.R_send_1          colorful_led.o
    0x080010f8   0x080010f8   0x000000c0   Code   RO         3369    i.R_ws2812_refresh  colorful_led.o
    0x080011b8   0x080011b8   0x00000014   Code   RO         3370    i.R_ws2812_reset    colorful_led.o
    0x080011cc   0x080011cc   0x00000028   Code   RO         3371    i.R_ws2812_rgb      colorful_led.o
    0x080011f4   0x080011f4   0x0000005a   Code   RO         3550    i.ReadControlFeedback  control_system.o
    0x0800124e   0x0800124e   0x00000002   PAD
    0x08001250   0x08001250   0x0000003c   Code   RO         3647    i.Read_Encoder      encoder.o
    0x0800128c   0x0800128c   0x00000098   Code   RO         3551    i.ReportWheelSpeed  control_system.o
    0x08001324   0x08001324   0x0000011c   Code   RO         3552    i.RunPIDAction      control_system.o
    0x08001440   0x08001440   0x00000002   Code   RO          136    i.SVC_Handler       stm32f10x_it.o
    0x08001442   0x08001442   0x0000001c   Code   RO         3553    i.SelectBaseTarget  control_system.o
    0x0800145e   0x0800145e   0x00000002   PAD
    0x08001460   0x08001460   0x00000048   Code   RO         3554    i.SetLeftMotor      control_system.o
    0x080014a8   0x080014a8   0x00000048   Code   RO         3555    i.SetRightMotor     control_system.o
    0x080014f0   0x080014f0   0x0000001a   Code   RO         3556    i.SpeedPI_Reset     control_system.o
    0x0800150a   0x0800150a   0x00000002   PAD
    0x0800150c   0x0800150c   0x000000ac   Code   RO         3557    i.SpeedPI_Update    control_system.o
    0x080015b8   0x080015b8   0x00000090   Code   RO          258    i.Stm32_Clock_Init  sys.o
    0x08001648   0x08001648   0x00000002   Code   RO          137    i.SysTick_Handler   stm32f10x_it.o
    0x0800164a   0x0800164a   0x00000002   PAD
    0x0800164c   0x0800164c   0x00000080   Code   RO         2561    i.TI1_Config        stm32f10x_tim.o
    0x080016cc   0x080016cc   0x00000098   Code   RO         2562    i.TI2_Config        stm32f10x_tim.o
    0x08001764   0x08001764   0x00000090   Code   RO         2563    i.TI3_Config        stm32f10x_tim.o
    0x080017f4   0x080017f4   0x00000098   Code   RO         2564    i.TI4_Config        stm32f10x_tim.o
    0x0800188c   0x0800188c   0x00000018   Code   RO         2565    i.TIM_ARRPreloadConfig  stm32f10x_tim.o
    0x080018a4   0x080018a4   0x00000018   Code   RO         2577    i.TIM_Cmd           stm32f10x_tim.o
    0x080018bc   0x080018bc   0x00000042   Code   RO         2586    i.TIM_EncoderInterfaceConfig  stm32f10x_tim.o
    0x080018fe   0x080018fe   0x00000006   Code   RO         2596    i.TIM_GetCounter    stm32f10x_tim.o
    0x08001904   0x08001904   0x000000ac   Code   RO         2600    i.TIM_ICInit        stm32f10x_tim.o
    0x080019b0   0x080019b0   0x00000012   Code   RO         2601    i.TIM_ICStructInit  stm32f10x_tim.o
    0x080019c2   0x080019c2   0x00000002   PAD
    0x080019c4   0x080019c4   0x00000098   Code   RO         2606    i.TIM_OC1Init       stm32f10x_tim.o
    0x08001a5c   0x08001a5c   0x00000012   Code   RO         2609    i.TIM_OC1PreloadConfig  stm32f10x_tim.o
    0x08001a6e   0x08001a6e   0x00000002   PAD
    0x08001a70   0x08001a70   0x000000a4   Code   RO         2611    i.TIM_OC2Init       stm32f10x_tim.o
    0x08001b14   0x08001b14   0x0000001a   Code   RO         2614    i.TIM_OC2PreloadConfig  stm32f10x_tim.o
    0x08001b2e   0x08001b2e   0x00000014   Code   RO         2624    i.TIM_OCStructInit  stm32f10x_tim.o
    0x08001b42   0x08001b42   0x00000004   Code   RO         2642    i.TIM_SetCounter    stm32f10x_tim.o
    0x08001b46   0x08001b46   0x00000012   Code   RO         2643    i.TIM_SetIC1Prescaler  stm32f10x_tim.o
    0x08001b58   0x08001b58   0x0000001a   Code   RO         2644    i.TIM_SetIC2Prescaler  stm32f10x_tim.o
    0x08001b72   0x08001b72   0x00000012   Code   RO         2645    i.TIM_SetIC3Prescaler  stm32f10x_tim.o
    0x08001b84   0x08001b84   0x0000001a   Code   RO         2646    i.TIM_SetIC4Prescaler  stm32f10x_tim.o
    0x08001b9e   0x08001b9e   0x00000002   PAD
    0x08001ba0   0x08001ba0   0x000000a4   Code   RO         2648    i.TIM_TimeBaseInit  stm32f10x_tim.o
    0x08001c44   0x08001c44   0x00000012   Code   RO         2649    i.TIM_TimeBaseStructInit  stm32f10x_tim.o
    0x08001c56   0x08001c56   0x00000002   PAD
    0x08001c58   0x08001c58   0x0000003c   Code   RO          317    i.USART1_IRQHandler  usart.o
    0x08001c94   0x08001c94   0x00000018   Code   RO         3113    i.USART_Cmd         stm32f10x_usart.o
    0x08001cac   0x08001cac   0x00000054   Code   RO         3117    i.USART_GetITStatus  stm32f10x_usart.o
    0x08001d00   0x08001d00   0x0000004a   Code   RO         3119    i.USART_ITConfig    stm32f10x_usart.o
    0x08001d4a   0x08001d4a   0x00000002   PAD
    0x08001d4c   0x08001d4c   0x000000d8   Code   RO         3120    i.USART_Init        stm32f10x_usart.o
    0x08001e24   0x08001e24   0x0000000a   Code   RO         3127    i.USART_ReceiveData  stm32f10x_usart.o
    0x08001e2e   0x08001e2e   0x00000018   Code   RO         3136    i.USART_StructInit  stm32f10x_usart.o
    0x08001e46   0x08001e46   0x00000004   Code   RO          138    i.UsageFault_Handler  stm32f10x_it.o
    0x08001e4a   0x08001e4a   0x00000002   Code   RO          318    i._sys_exit         usart.o
    0x08001e4c   0x08001e4c   0x0000002c   Code   RO         3373    i.colorful_led_Init  colorful_led.o
    0x08001e78   0x08001e78   0x0000001e   Code   RO          228    i.delay_ms          delay.o
    0x08001e96   0x08001e96   0x0000001c   Code   RO          229    i.delay_us          delay.o
    0x08001eb2   0x08001eb2   0x00000002   PAD
    0x08001eb4   0x08001eb4   0x0000001c   Code   RO          319    i.fputc             usart.o
    0x08001ed0   0x08001ed0   0x000000c8   Code   RO            1    i.main              main.o
    0x08001f98   0x08001f98   0x000000a8   Code   RO          320    i.uart_init         usart.o
    0x08002040   0x08002040   0x000000c4   Code   RO         3719    x$fpl$fadd          fz_ws.l(faddsub_clz.o)
    0x08002104   0x08002104   0x00000018   Code   RO         3751    x$fpl$fcmpinf       fz_ws.l(fcmpi.o)
    0x0800211c   0x0800211c   0x00000036   Code   RO         3725    x$fpl$ffix          fz_ws.l(ffix.o)
    0x08002152   0x08002152   0x00000002   PAD
    0x08002154   0x08002154   0x00000030   Code   RO         3730    x$fpl$fflt          fz_ws.l(fflt_clz.o)
    0x08002184   0x08002184   0x00000068   Code   RO         3735    x$fpl$fleqf         fz_ws.l(fleqf.o)
    0x080021ec   0x080021ec   0x00000102   Code   RO         3737    x$fpl$fmul          fz_ws.l(fmul.o)
    0x080022ee   0x080022ee   0x0000008c   Code   RO         3753    x$fpl$fnaninf       fz_ws.l(fnaninf.o)
    0x0800237a   0x0800237a   0x0000000a   Code   RO         3755    x$fpl$fretinf       fz_ws.l(fretinf.o)
    0x08002384   0x08002384   0x00000062   Code   RO         3739    x$fpl$frleqf        fz_ws.l(frleqf.o)
    0x080023e6   0x080023e6   0x00000002   PAD
    0x080023e8   0x080023e8   0x000000ea   Code   RO         3721    x$fpl$fsub          fz_ws.l(faddsub_clz.o)
    0x080024d2   0x080024d2   0x00000000   Code   RO         3757    x$fpl$usenofp       fz_ws.l(usenofp.o)
    0x080024d2   0x080024d2   0x0000002e   Data   RO         3375    .constdata          colorful_led.o
    0x08002500   0x08002500   0x00000020   Data   RO         3914    Region$$Table       anon$$obj.o


    Execution Region ER_RW (Exec base: 0x20000000, Load base: 0x08002520, Size: 0x00000028, Max: 0xffffffff, ABSOLUTE)

    Exec Addr    Load Addr    Size         Type   Attr      Idx    E Section Name        Object

    0x20000000   0x08002520   0x00000006   Data   RW          321    .data               usart.o
    0x20000006   0x08002526   0x00000014   Data   RW         1973    .data               stm32f10x_rcc.o
    0x2000001a   0x0800253a   0x0000000e   Data   RW         3376    .data               colorful_led.o


    Execution Region ER_ZI (Exec base: 0x20000028, Load base: 0x08002548, Size: 0x00000290, Max: 0xffffffff, ABSOLUTE)

    Exec Addr    Load Addr    Size         Type   Attr      Idx    E Section Name        Object

    0x20000028        -       0x00000030   Zero   RW         3374    .bss                colorful_led.o
    0x20000058        -       0x00000060   Zero   RW         3792    .bss                c_w.l(libspace.o)
    0x200000b8        -       0x00000000   Zero   RW          370    HEAP                startup_stm32f10x_md.o
    0x200000b8        -       0x00000200   Zero   RW          369    STACK               startup_stm32f10x_md.o


==============================================================================

Image component sizes


      Code (inc. data)   RO Data    RW Data    ZI Data      Debug   Object Name

      1584         94         46         14         48      15254   colorful_led.o
      1388        124          0          0          0      13807   control_system.o
        58          0          0          0          0       1006   delay.o
       412         26          0          0          0       3287   encoder.o
       200         92          0          0          0     253323   main.o
       112         12          0          0          0       1056   misc.o
        72         26        304          0        512        868   startup_stm32f10x_md.o
       278          0          0          0          0       2000   stm32f10x_gpio.o
        26          0          0          0          0       3866   stm32f10x_it.o
       276         32          0         20          0       4530   stm32f10x_rcc.o
      1540        180          0          0          0      14777   stm32f10x_tim.o
       432          6          0          0          0       5653   stm32f10x_usart.o
       356         50          0          0          0       2772   sys.o
       258         26          0          6          0       4074   usart.o

    ----------------------------------------------------------------------
      7020        668        382         40        560     326273   Object Totals
         0          0         32          0          0          0   (incl. Generated)
        28          0          0          0          0          0   (incl. Padding)

    ----------------------------------------------------------------------

      Code (inc. data)   RO Data    RW Data    ZI Data      Debug   Library Member Name

         8          0          0          0          0         68   __main.o
       104          0          0          0          0         84   __printf.o
         0          0          0          0          0          0   __rtentry.o
        12          0          0          0          0          0   __rtentry2.o
         6          0          0          0          0          0   __rtentry4.o
        52          8          0          0          0          0   __scatter.o
        26          0          0          0          0          0   __scatter_copy.o
        28          0          0          0          0          0   __scatter_zi.o
         6          0          0          0          0          0   _printf_c.o
        44          0          0          0          0        108   _printf_char.o
        48          6          0          0          0         96   _printf_char_common.o
        36          4          0          0          0         80   _printf_char_file.o
         6          0          0          0          0          0   _printf_d.o
       120         16          0          0          0         92   _printf_dec.o
       178          0          0          0          0         88   _printf_intcommon.o
         0          0          0          0          0          0   _printf_percent.o
         4          0          0          0          0          0   _printf_percent_end.o
        82          0          0          0          0         80   _printf_str.o
        18          0          0          0          0         80   exit.o
         8          0          0          0          0         68   ferror.o
         6          0          0          0          0        152   heapauxi.o
         2          0          0          0          0          0   libinit.o
         2          0          0          0          0          0   libinit2.o
         2          0          0          0          0          0   libshutdown.o
         2          0          0          0          0          0   libshutdown2.o
         8          4          0          0         96         68   libspace.o
        24          4          0          0          0         84   noretval__2printf.o
         2          0          0          0          0          0   rtexit.o
        10          0          0          0          0          0   rtexit2.o
        74          0          0          0          0         80   sys_stackheap_outer.o
         2          0          0          0          0         68   use_no_semi.o
         2          0          0          0          0         68   use_no_semi_2.o
       430          8          0          0          0        168   faddsub_clz.o
        24          0          0          0          0         68   fcmpi.o
        54          4          0          0          0         84   ffix.o
        48          0          0          0          0         68   fflt_clz.o
       104          4          0          0          0         84   fleqf.o
       258          4          0          0          0         84   fmul.o
       140          4          0          0          0         84   fnaninf.o
        10          0          0          0          0         68   fretinf.o
        98          0          0          0          0         68   frleqf.o
         0          0          0          0          0          0   usenofp.o

    ----------------------------------------------------------------------
      2102         66          0          0         96       2140   Library Totals
        14          0          0          0          0          0   (incl. Padding)

    ----------------------------------------------------------------------

      Code (inc. data)   RO Data    RW Data    ZI Data      Debug   Library Name

       922         42          0          0         96       1364   c_w.l
      1166         24          0          0          0        776   fz_ws.l

    ----------------------------------------------------------------------
      2102         66          0          0         96       2140   Library Totals

    ----------------------------------------------------------------------

==============================================================================


      Code (inc. data)   RO Data    RW Data    ZI Data      Debug   

      9122        734        382         40        656     322585   Grand Totals
      9122        734        382         40        656     322585   ELF Image Totals
      9122        734        382         40          0          0   ROM Totals

==============================================================================

    Total RO  Size (Code + RO Data)                 9504 (   9.28kB)
    Total RW  Size (RW Data + ZI Data)               696 (   0.68kB)
    Total ROM Size (Code + RO Data + RW Data)       9544 (   9.32kB)

==============================================================================

